aggregated_duration_nnconv2dnnbiasaddnnrelu,aggregated_percentage_nnconv2dnnbiasaddnnrelu,aggregated_count_nnconv2dnnbiasaddnnrelu,total_duration,total_percentage,total_count,aggregated_duration_nnconv2dnnbiasadd,aggregated_percentage_nnconv2dnnbiasadd,aggregated_count_nnconv2dnnbiasadd,aggregated_duration_nnconv2dnnbiasaddadd,aggregated_percentage_nnconv2dnnbiasaddadd,aggregated_count_nnconv2dnnbiasaddadd,aggregated_duration_mean,aggregated_percentage_mean,aggregated_count_mean,aggregated_duration_nndenseadd,aggregated_percentage_nndenseadd,aggregated_count_nndenseadd,label_model_name
31408.436999999998,68.520561,35.0,45837.969,99.99999399999999,54.0,5101.696,11.129846,7.0,5797.772,12.648395,10.0,89.944,0.196222,1.0,3440.12,7.50497,1.0,mnasnet0_5.onnx
31349.039,68.39164799999999,35.0,45837.49899999998,99.99996799999997,54.0,5166.521000000001,11.271395,7.0,5793.9800000000005,12.640258,10.0,93.539,0.204067,1.0,3434.42,7.4926,1.0,mnasnet0_5.onnx
31305.76699999999,68.46804000000002,35.0,45723.168,99.99998800000002,54.0,5120.895999999999,11.199796000000001,7.0,5770.091,12.619619,10.0,92.664,0.202663,1.0,3433.75,7.50987,1.0,mnasnet0_5.onnx
33664.486,69.962055,35.0,48118.22400000001,100.00004200000001,54.0,5161.546,10.726812,7.0,5768.689,11.988579999999999,10.0,90.373,0.187815,1.0,3433.13,7.13478,1.0,mnasnet0_5.onnx
31359.50300000001,68.50882,35.0,45774.391,99.99997699999999,54.0,5125.093,11.196420999999999,7.0,5769.8589999999995,12.60499,10.0,93.346,0.203926,1.0,3426.59,7.48582,1.0,mnasnet0_5.onnx
31410.949,68.529187,35.0,45835.88199999999,100.00002400000001,54.0,5125.737999999999,11.182808000000001,7.0,5763.677,12.574596,10.0,90.848,0.198203,1.0,3444.67,7.51523,1.0,mnasnet0_5.onnx
31414.147999999997,68.39924100000002,35.0,45927.643000000004,100.00002699999999,54.0,5165.898999999999,11.247912,7.0,5810.92,12.652334,10.0,93.596,0.20379,1.0,3443.08,7.49675,1.0,mnasnet0_5.onnx
33625.350000000006,70.02735000000001,35.0,48017.475000000006,100.00002600000002,54.0,5080.0560000000005,10.579598,7.0,5779.7029999999995,12.03667,10.0,90.656,0.188798,1.0,3441.71,7.16761,1.0,mnasnet0_5.onnx
31393.572999999997,68.43964299999999,35.0,45870.42899999998,99.99996899999996,54.0,5157.709999999999,11.244088999999999,7.0,5794.166000000001,12.631584,10.0,89.27,0.194613,1.0,3435.71,7.49004,1.0,mnasnet0_5.onnx
31345.411,68.50226400000003,35.0,45758.24000000001,100.000048,54.0,5100.903,11.147513,7.0,5781.069,12.63395,10.0,92.597,0.202361,1.0,3438.26,7.51396,1.0,mnasnet0_5.onnx
31169.334999999995,68.34275400000001,35.0,45607.329000000005,99.99993300000003,54.0,5111.5869999999995,11.207816,7.0,5788.383999999999,12.691784,10.0,93.353,0.204689,1.0,3444.67,7.55289,1.0,mnasnet0_5.onnx
34010.35699999999,70.10603599999996,35.0,48512.75800000001,100.00002899999996,54.0,5133.242,10.581227,7.0,5819.486000000001,11.995785999999999,10.0,99.553,0.20521,1.0,3450.12,7.11177,1.0,mnasnet0_5.onnx
31301.015000000007,68.39948700000002,35.0,45762.05900000001,100.000011,54.0,5133.673000000001,11.218194,7.0,5790.174999999999,12.65278,10.0,93.826,0.20503,1.0,3443.37,7.52452,1.0,mnasnet0_5.onnx
31352.949999999993,68.510725,35.0,45763.545,99.99996599999999,54.0,5072.522000000001,11.084185999999999,7.0,5814.674,12.705911,10.0,92.769,0.202714,1.0,3430.63,7.49643,1.0,mnasnet0_5.onnx
31370.649000000005,68.543467,35.0,45767.558000000005,100.00005800000002,54.0,5087.477,11.115902,7.0,5782.629999999999,12.634787999999999,10.0,93.142,0.203511,1.0,3433.66,7.50239,1.0,mnasnet0_5.onnx
33708.518,69.99237,35.0,48160.292,100.00003000000001,54.0,5125.893,10.643399,7.0,5799.447,12.041977000000001,10.0,89.344,0.185514,1.0,3437.09,7.13677,1.0,mnasnet0_5.onnx
31276.910999999993,68.37350000000002,35.0,45744.166999999994,99.999943,54.0,5157.692,11.275068000000001,7.0,5786.461,12.649626,10.0,91.593,0.200229,1.0,3431.51,7.50152,1.0,mnasnet0_5.onnx
31381.791,68.57562200000001,35.0,45762.30499999999,99.99998800000002,54.0,5094.383,11.132280999999999,7.0,5761.642,12.590362,10.0,89.279,0.195093,1.0,3435.21,7.50663,1.0,mnasnet0_5.onnx
31319.185000000005,68.462115,35.0,45746.735000000015,100.00001300000004,54.0,5104.489,11.158157,7.0,5796.565,12.670997999999999,10.0,92.126,0.201383,1.0,3434.37,7.50736,1.0,mnasnet0_5.onnx
33687.41900000001,70.00745599999999,35.0,48119.789,100.00003699999998,54.0,5122.016,10.644302,7.0,5783.601,12.019164,10.0,94.043,0.195435,1.0,3432.71,7.13368,1.0,mnasnet0_5.onnx
31307.257999999998,68.60232100000002,35.0,45635.907,100.00005900000004,54.0,5028.130999999999,11.017921999999999,7.0,5775.682000000001,12.656001,10.0,92.666,0.203055,1.0,3432.17,7.52076,1.0,mnasnet0_5.onnx
31390.615999999998,68.620459,35.0,45745.281,100.00001800000001,54.0,5047.32,11.033544,7.0,5776.598000000001,12.627738,10.0,93.717,0.204867,1.0,3437.03,7.51341,1.0,mnasnet0_5.onnx
31264.007,68.28221299999998,35.0,45786.456000000006,100.00000700000001,54.0,5210.886,11.380851,7.0,5785.009999999999,12.63476,10.0,90.393,0.197423,1.0,3436.16,7.50476,1.0,mnasnet0_5.onnx
33564.70100000001,69.764639,35.0,48111.372,100.00005600000001,54.0,5197.909,10.803905999999998,7.0,5812.554,12.081468999999998,10.0,89.878,0.186812,1.0,3446.33,7.16323,1.0,mnasnet0_5.onnx
31339.406999999996,68.37023199999997,35.0,45837.828,100.00004199999998,54.0,5184.267,11.310006000000001,7.0,5773.433,12.595349,10.0,90.601,0.197655,1.0,3450.12,7.5268,1.0,mnasnet0_5.onnx
31281.178,68.38208099999999,35.0,45744.681,99.99997199999996,54.0,5123.301,11.199779000000001,7.0,5805.782,12.691714,10.0,92.33,0.201838,1.0,3442.09,7.52456,1.0,mnasnet0_5.onnx
31315.148,68.34328000000001,35.0,45820.36899999999,99.999977,54.0,5184.17,11.314108000000001,7.0,5801.175,12.660696,10.0,90.996,0.198593,1.0,3428.88,7.4833,1.0,mnasnet0_5.onnx
33620.72,69.96129399999997,35.0,48056.20499999998,100.000041,54.0,5135.155,10.685728000000001,7.0,5767.026000000001,12.000572,10.0,93.064,0.193657,1.0,3440.24,7.15879,1.0,mnasnet0_5.onnx
31373.95199999999,68.408815,35.0,45862.488,100.00006700000003,54.0,5187.014,11.309918,7.0,5773.17,12.588007,10.0,92.352,0.201367,1.0,3436.0,7.49196,1.0,mnasnet0_5.onnx
31376.45000000001,68.509621,35.0,45798.62900000001,100.00003600000002,54.0,5121.6759999999995,11.183042,7.0,5763.329000000001,12.584061,10.0,92.954,0.202962,1.0,3444.22,7.52035,1.0,mnasnet0_5.onnx
31314.21299999999,68.44210500000001,35.0,45752.863999999994,100.00002200000002,54.0,5130.8189999999995,11.214202,7.0,5783.951,12.641722,10.0,91.141,0.199203,1.0,3432.74,7.50279,1.0,mnasnet0_5.onnx
33578.692,69.97653100000001,35.0,47985.66900000001,100.00001800000001,54.0,5105.468,10.639574000000001,7.0,5777.328,12.039691999999999,10.0,91.461,0.190601,1.0,3432.72,7.15362,1.0,mnasnet0_5.onnx
31410.816000000013,68.49773800000001,35.0,45856.72800000001,100.00000300000002,54.0,5123.904,11.173725999999998,7.0,5786.193,12.617981999999998,10.0,92.345,0.201377,1.0,3443.47,7.50918,1.0,mnasnet0_5.onnx
31265.492000000006,68.43067400000001,35.0,45689.272000000004,99.99997700000002,54.0,5113.273,11.191413,7.0,5775.935,12.641775,10.0,93.542,0.204735,1.0,3441.03,7.53138,1.0,mnasnet0_5.onnx
31352.912,68.55283500000002,35.0,45735.38900000002,100.000017,54.0,5079.784,11.106901,7.0,5773.501,12.623728999999999,10.0,94.152,0.205862,1.0,3435.04,7.51069,1.0,mnasnet0_5.onnx
33641.261,70.00683500000002,35.0,48054.21400000001,99.99995299999999,54.0,5095.9349999999995,10.60456,7.0,5789.714,12.048290999999999,10.0,93.094,0.193727,1.0,3434.21,7.14654,1.0,mnasnet0_5.onnx
31405.032000000007,68.46539700000001,35.0,45869.972,100.00006000000003,54.0,5122.085999999999,11.166535,7.0,5813.495999999999,12.673861999999998,10.0,94.238,0.205446,1.0,3435.12,7.48882,1.0,mnasnet0_5.onnx
31450.272999999997,68.492613,35.0,45917.76799999999,100.000002,54.0,5172.9439999999995,11.265668999999999,7.0,5786.356000000001,12.60156,10.0,92.685,0.20185,1.0,3415.51,7.43831,1.0,mnasnet0_5.onnx
31406.551999999996,68.53441199999999,35.0,45825.993,100.00003499999998,54.0,5114.116,11.159854,7.0,5786.160000000001,12.62637,10.0,92.655,0.202189,1.0,3426.51,7.47721,1.0,mnasnet0_5.onnx
33771.865,69.98100100000002,35.0,48258.62499999999,100.000024,54.0,5158.5689999999995,10.689422,7.0,5796.108,12.010523999999998,10.0,94.383,0.195577,1.0,3437.7,7.1235,1.0,mnasnet0_5.onnx
