aggregated_duration_nnconv2dnnbiasaddmultiplyaddclipmultiply,aggregated_percentage_nnconv2dnnbiasaddmultiplyaddclipmultiply,aggregated_count_nnconv2dnnbiasaddmultiplyaddclipmultiply,total_duration,total_percentage,total_count,aggregated_duration_nnconv2dnnbiasaddnnrelu,aggregated_percentage_nnconv2dnnbiasaddnnrelu,aggregated_count_nnconv2dnnbiasaddnnrelu,aggregated_duration_nnglobalavgpool2d,aggregated_percentage_nnglobalavgpool2d,aggregated_count_nnglobalavgpool2d,aggregated_duration_nnconv2dnnbiasaddmultiplyaddclip,aggregated_percentage_nnconv2dnnbiasaddmultiplyaddclip,aggregated_count_nnconv2dnnbiasaddmultiplyaddclip,aggregated_duration_multiply,aggregated_percentage_multiply,aggregated_count_multiply,aggregated_duration_nnconv2dnnbiasadd,aggregated_percentage_nnconv2dnnbiasadd,aggregated_count_nnconv2dnnbiasadd,aggregated_duration_nnconv2dnnbiasaddadd,aggregated_percentage_nnconv2dnnbiasaddadd,aggregated_count_nnconv2dnnbiasaddadd,aggregated_duration_nndenseaddmultiplyaddclipmultiply,aggregated_percentage_nndenseaddmultiplyaddclipmultiply,aggregated_count_nndenseaddmultiplyaddclipmultiply,aggregated_duration_nndenseadd,aggregated_percentage_nndenseadd,aggregated_count_nndenseadd,label_model_name
15670.063,50.752114,18.0,30875.709000000003,100.00004330000006,73.0,5005.325999999999,16.2112087,14.0,446.73799999999994,1.4468912,10.0,617.309,1.9993355000000002,9.0,365.937,1.1851929,9.0,1489.422,4.823931,5.0,3155.6040000000003,10.22035,6.0,1104.69,3.57786,1.0,3020.62,9.78316,1.0,mobilenet_v3_small.onnx
15807.367000000002,51.115413,18.0,30924.897999999994,100.00006310000002,73.0,4961.691999999999,16.044337099999996,14.0,436.0849999999999,1.4101420999999998,10.0,611.8779999999999,1.9785936000000002,9.0,361.3910000000001,1.1686083,9.0,1495.145,4.834759,5.0,3149.9,10.185649999999999,6.0,1105.8,3.57575,1.0,2995.64,9.68681,1.0,mobilenet_v3_small.onnx
15673.902999999998,50.729839999999996,18.0,30896.806,100.0000052,73.0,5021.212999999999,16.2515657,14.0,440.58600000000007,1.4259913,10.0,612.502,1.9824114,9.0,361.83799999999997,1.1711168,9.0,1489.704,4.82155,5.0,3169.8700000000003,10.25954,6.0,1107.74,3.5853,1.0,3019.45,9.77269,1.0,mobilenet_v3_small.onnx
15222.505,50.18584800000001,18.0,30332.248999999996,99.99996359999997,73.0,4981.407,16.422803499999997,14.0,443.8069999999999,1.4631526,10.0,609.8789999999999,2.010662,9.0,361.658,1.1923225000000002,9.0,1477.2400000000002,4.870195,5.0,3148.763,10.3809,6.0,1108.65,3.65502,1.0,2978.34,9.81906,1.0,mobilenet_v3_small.onnx
15751.996000000001,51.027895,18.0,30869.375,99.99998510000003,73.0,4958.703,16.0634923,14.0,437.30199999999996,1.4166209,10.0,616.87,1.9983236,9.0,362.951,1.1757632999999998,9.0,1487.958,4.82017,5.0,3152.6749999999997,10.212959999999999,6.0,1101.38,3.56787,1.0,2999.54,9.71689,1.0,mobilenet_v3_small.onnx
15830.112,51.10916399999999,18.0,30973.113999999994,99.99995889999995,73.0,4980.870999999999,16.0812733,14.0,441.09400000000005,1.4241180999999998,10.0,621.312,2.0059724,9.0,358.76500000000004,1.1583111000000001,9.0,1482.653,4.7869,5.0,3156.227,10.19021,6.0,1109.09,3.58081,1.0,2992.99,9.6632,1.0,mobilenet_v3_small.onnx
15746.796000000002,50.866369,18.0,30957.193999999992,100.00000070000003,73.0,5021.455999999998,16.220631600000004,14.0,439.54900000000004,1.4198613,10.0,611.266,1.9745521,9.0,360.176,1.1634637,9.0,1509.424,4.875843,5.0,3161.317,10.21189,6.0,1108.12,3.57953,1.0,2999.09,9.68786,1.0,mobilenet_v3_small.onnx
15235.050999999998,50.143449999999994,18.0,30382.93299999999,99.99999589999999,73.0,5001.543000000001,16.461686900000004,14.0,442.27600000000007,1.455672,10.0,614.323,2.0219346000000002,9.0,362.75199999999995,1.1939334000000001,9.0,1477.3880000000001,4.862559,5.0,3143.25,10.345440000000002,6.0,1107.19,3.64411,1.0,2999.16,9.87121,1.0,mobilenet_v3_small.onnx
15822.723999999997,51.093250999999995,18.0,30968.318,100.00000739999999,73.0,5007.245999999999,16.1689513,14.0,442.88,1.4301051,10.0,613.098,1.9797593,9.0,362.58,1.1708097,9.0,1489.481,4.809691,5.0,3150.3489999999997,10.17281,6.0,1103.79,3.56425,1.0,2976.17,9.61038,1.0,mobilenet_v3_small.onnx
15750.308,50.99071200000001,18.0,30888.598000000005,100.00002789999996,73.0,4983.5419999999995,16.133916,14.0,439.02899999999994,1.4213308,10.0,616.557,1.9960673999999998,9.0,362.85999999999996,1.1747367,9.0,1481.894,4.797545,5.0,3149.058,10.19489,6.0,1100.01,3.56121,1.0,3005.34,9.72962,1.0,mobilenet_v3_small.onnx
15782.438000000002,51.04914599999999,18.0,30916.14799999999,99.99999300000002,73.0,4962.081999999999,16.0501237,14.0,442.48199999999997,1.4312328,10.0,607.5089999999999,1.9650210000000001,9.0,361.525,1.1693735,9.0,1479.971,4.787056000000001,5.0,3166.931,10.24362,6.0,1104.21,3.57163,1.0,3009.0,9.73279,1.0,mobilenet_v3_small.onnx
15243.822,50.128748999999985,18.0,30409.325,99.99996130000001,73.0,4991.952,16.4158405,14.0,441.75299999999993,1.4526883000000002,10.0,610.684,2.0082139999999997,9.0,358.891,1.1802015000000001,9.0,1492.977,4.909608,5.0,3151.7260000000006,10.364339999999999,6.0,1104.77,3.63299,1.0,3012.75,9.90733,1.0,mobilenet_v3_small.onnx
15774.284,51.052113999999996,18.0,30898.389999999992,100.00000669999994,73.0,4963.141,16.0628074,14.0,444.744,1.4393760999999998,10.0,613.98,1.9870929,9.0,361.345,1.1694623,9.0,1487.4910000000002,4.814133999999999,5.0,3158.825,10.22326,6.0,1100.25,3.56087,1.0,2994.33,9.69089,1.0,mobilenet_v3_small.onnx
15792.157000000005,51.063864999999986,18.0,30926.312999999995,100.0000531,73.0,4962.346,16.045697300000004,14.0,439.889,1.4223758,10.0,616.455,1.9933033999999998,9.0,363.12799999999993,1.1741716,9.0,1485.908,4.80468,5.0,3152.46,10.19347,6.0,1111.88,3.59527,1.0,3002.09,9.70722,1.0,mobilenet_v3_small.onnx
15719.56,50.973375000000004,18.0,30838.758000000013,99.99996390000001,73.0,4972.388000000001,16.123830100000003,14.0,437.37000000000006,1.4182473,10.0,613.062,1.9879582,9.0,364.352,1.1814742999999999,9.0,1491.3779999999997,4.836049,5.0,3148.1579999999994,10.208450000000001,6.0,1109.24,3.59689,1.0,2983.25,9.67369,1.0,mobilenet_v3_small.onnx
15217.164,50.144226999999994,18.0,30346.804999999993,99.9999829,73.0,4946.883999999999,16.301136899999996,14.0,441.06,1.4533986,10.0,614.481,2.0248619,9.0,363.313,1.1972025,9.0,1477.585,4.868995999999999,5.0,3161.3279999999995,10.41734,6.0,1106.23,3.6453,1.0,3018.76,9.94752,1.0,mobilenet_v3_small.onnx
15817.548000000003,51.15238600000001,18.0,30922.435000000005,100.0000628,73.0,4945.709000000001,15.9939258,14.0,441.273,1.427033,10.0,612.615,1.9811343,9.0,365.194,1.1810007,9.0,1486.734,4.8079529999999995,5.0,3150.3120000000004,10.18779,6.0,1110.55,3.59139,1.0,2992.5,9.67745,1.0,mobilenet_v3_small.onnx
15817.816,51.111965000000005,18.0,30947.354999999996,99.99994820000003,73.0,4966.55,16.04838,14.0,436.06300000000005,1.4090474,10.0,611.1790000000001,1.9748993000000001,9.0,361.221,1.1672115,9.0,1482.8509999999999,4.791525,5.0,3166.4049999999997,10.23158,6.0,1106.07,3.57404,1.0,2999.2,9.6913,1.0,mobilenet_v3_small.onnx
15697.074,50.912411000000006,18.0,30831.517000000003,99.99999429999997,73.0,4975.144999999999,16.1365635,14.0,439.51700000000005,1.4255448999999998,10.0,613.654,1.9903462,9.0,362.234,1.1748827,9.0,1488.201,4.826886,5.0,3153.5820000000003,10.228430000000001,6.0,1102.95,3.57735,1.0,2999.16,9.72758,1.0,mobilenet_v3_small.onnx
15488.358999999999,50.52824,18.0,30652.878,99.99998099999998,73.0,4976.483000000001,16.2349535,14.0,445.82000000000005,1.4544148000000001,10.0,611.922,1.9962962000000002,9.0,366.619,1.1960345,9.0,1483.301,4.8390320000000004,5.0,3170.714,10.34393,6.0,1108.16,3.61519,1.0,3001.5,9.79189,1.0,mobilenet_v3_small.onnx
15759.929000000002,50.988882,18.0,30908.545999999984,99.99998040000001,73.0,4990.781000000001,16.1469432,14.0,438.678,1.4192774000000001,10.0,611.4549999999999,1.9782696,9.0,361.09700000000004,1.1682751999999996,9.0,1477.3039999999999,4.779593,5.0,3154.382,10.205519999999998,6.0,1100.22,3.5596,1.0,3014.7,9.75362,1.0,mobilenet_v3_small.onnx
15787.992999999999,51.066103000000005,18.0,30916.75800000001,99.99995609999998,73.0,4993.530000000002,16.1515175,14.0,440.21200000000005,1.4238607999999997,10.0,610.45,1.9744962,9.0,360.26,1.1652576,9.0,1484.4729999999997,4.801511,5.0,3150.8199999999997,10.1913,6.0,1097.6,3.55018,1.0,2991.42,9.67573,1.0,mobilenet_v3_small.onnx
15807.360000000004,51.054438000000005,18.0,30961.759000000005,99.99998530000002,73.0,4990.047,16.1168102,14.0,447.928,1.4467135,10.0,612.2620000000001,1.9774776000000003,9.0,362.492,1.170772,9.0,1485.5449999999998,4.798004,5.0,3156.465,10.19472,6.0,1094.66,3.53553,1.0,3005.0,9.70552,1.0,mobilenet_v3_small.onnx
16359.659,50.723507999999995,18.0,32252.596000000005,99.99996100000006,73.0,5479.054999999999,16.987955399999997,14.0,470.39500000000004,1.4584719,10.0,621.936,1.9283296,9.0,381.52,1.1829131,9.0,1541.793,4.7803629999999995,5.0,3277.938,10.16333,6.0,1104.14,3.4234,1.0,3016.16,9.35169,1.0,mobilenet_v3_small.onnx
15650.25,50.90105499999999,18.0,30746.40800000001,99.99997579999999,73.0,4961.984,16.138402199999998,14.0,437.828,1.4239962,10.0,607.9689999999999,1.9773662,9.0,364.07699999999994,1.1841282,9.0,1481.4950000000001,4.818438,5.0,3146.3749999999995,10.23331,6.0,1098.56,3.57297,1.0,2997.87,9.75031,1.0,mobilenet_v3_small.onnx
15656.311000000002,50.878933999999994,18.0,30771.685000000005,99.99997730000001,73.0,4942.388000000001,16.0614785,14.0,441.45500000000004,1.4346139999999996,10.0,618.944,2.0114074,9.0,361.1260000000001,1.1735643999999998,9.0,1482.615,4.818109,5.0,3159.036,10.26604,6.0,1098.45,3.56968,1.0,3011.36,9.78615,1.0,mobilenet_v3_small.onnx
15736.077000000001,50.956964,18.0,30881.127000000008,100.00001310000002,73.0,4996.750000000001,16.1805856,14.0,443.486,1.4361072999999998,10.0,610.037,1.9754360000000002,9.0,364.047,1.1788662,9.0,1481.875,4.798644,5.0,3145.045,10.18436,6.0,1103.07,3.57197,1.0,3000.74,9.71708,1.0,mobilenet_v3_small.onnx
15239.324,50.186495999999984,18.0,30365.386,99.99997130000003,73.0,4955.163,16.318450900000002,14.0,441.96500000000003,1.4554886,10.0,612.87,2.0183185,9.0,362.158,1.1926672999999999,9.0,1492.348,4.91463,5.0,3170.858,10.44234,6.0,1105.03,3.63911,1.0,2985.67,9.83247,1.0,mobilenet_v3_small.onnx
15828.992,51.153489,18.0,30944.109000000004,100.00002430000002,73.0,4941.217000000001,15.968201200000003,14.0,439.043,1.4188259999999997,10.0,614.086,1.9845016000000002,9.0,361.36,1.1677825,9.0,1469.459,4.748754,5.0,3166.422,10.23272,6.0,1103.87,3.5673,1.0,3019.66,9.75845,1.0,mobilenet_v3_small.onnx
15803.925999999996,51.118799,18.0,30916.061000000005,99.9999849,73.0,4960.332,16.044528600000003,14.0,436.328,1.4113302,10.0,612.227,1.9802875000000002,9.0,365.19800000000004,1.1812556,9.0,1484.626,4.8021139999999995,5.0,3155.8839999999996,10.20791,6.0,1098.88,3.55441,1.0,2998.66,9.69935,1.0,mobilenet_v3_small.onnx
15773.737000000001,51.049215999999994,18.0,30899.079000000005,99.99999440000002,73.0,4954.1269999999995,16.0332476,14.0,439.042,1.4208914000000001,10.0,614.241,1.9878951,9.0,366.256,1.1853303,9.0,1491.29,4.826334,5.0,3150.2559999999994,10.195310000000001,6.0,1102.92,3.56941,1.0,3007.21,9.73236,1.0,mobilenet_v3_small.onnx
15132.043,50.035843,18.0,30242.394000000008,99.99996720000003,73.0,4949.023999999999,16.3645375,14.0,443.93600000000004,1.467925,10.0,602.295,1.9915576000000001,9.0,362.008,1.1970220999999999,9.0,1491.011,4.9302019999999995,5.0,3139.967,10.382660000000001,6.0,1102.94,3.647,1.0,3019.17,9.98322,1.0,mobilenet_v3_small.onnx
15688.706999999999,50.97790199999999,18.0,30775.469999999998,99.99993939999999,73.0,4941.608,16.0569677,14.0,433.12600000000003,1.4073740000000001,10.0,610.712,1.9844112,9.0,361.68,1.1752215000000001,9.0,1474.5059999999999,4.791173,5.0,3146.411,10.22376,6.0,1104.77,3.58977,1.0,3013.95,9.79336,1.0,mobilenet_v3_small.onnx
15805.944000000003,51.07576400000001,18.0,30946.045,99.9999533,73.0,4971.190999999999,16.064050199999997,14.0,440.657,1.4239522,10.0,615.043,1.9874679999999998,9.0,360.5200000000001,1.1649959,9.0,1479.341,4.780393,5.0,3148.719,10.17487,6.0,1114.42,3.60116,1.0,3010.21,9.7273,1.0,mobilenet_v3_small.onnx
15733.538,50.933462999999996,18.0,30890.38300000001,99.99999449999999,73.0,5007.494,16.210515299999997,14.0,446.407,1.4451316,10.0,613.702,1.9867087,9.0,362.72900000000004,1.1742449000000001,9.0,1486.839,4.813271,5.0,3155.514,10.2152,6.0,1100.99,3.56418,1.0,2983.17,9.65728,1.0,mobilenet_v3_small.onnx
15217.937000000002,50.082021000000005,18.0,30385.995999999985,99.99996949999998,73.0,5001.789000000001,16.460856,14.0,436.04400000000004,1.4350171,10.0,615.2049999999999,2.0246337,9.0,361.121,1.1884457000000002,9.0,1490.923,4.906606,5.0,3158.177,10.39353,6.0,1103.38,3.63123,1.0,3001.42,9.87763,1.0,mobilenet_v3_small.onnx
15754.541000000001,51.102524,18.0,30829.295999999995,100.00004920000003,73.0,4936.7029999999995,16.013036,14.0,439.226,1.424703,10.0,615.047,1.9950071,9.0,363.22499999999997,1.1781811,9.0,1474.358,4.782328000000001,5.0,3163.076,10.259970000000001,6.0,1101.08,3.57155,1.0,2982.04,9.67275,1.0,mobilenet_v3_small.onnx
15716.712999999998,50.903985000000006,18.0,30875.185000000005,99.99995520000002,73.0,4989.3949999999995,16.159897,14.0,440.48,1.4266462000000002,10.0,608.054,1.9693931,9.0,361.736,1.1716079000000001,9.0,1483.203,4.803866,5.0,3164.1040000000003,10.24805,6.0,1119.41,3.6256,1.0,2992.09,9.69091,1.0,mobilenet_v3_small.onnx
15735.841,50.882716999999985,18.0,30925.696999999986,100.0,73.0,5034.593000000001,16.2796649,14.0,443.26700000000005,1.4333289999999999,10.0,614.362,1.9865754,9.0,359.97799999999995,1.1640097000000003,9.0,1495.0860000000002,4.834444,5.0,3142.17,10.16039,6.0,1106.02,3.57637,1.0,2994.38,9.6825,1.0,mobilenet_v3_small.onnx
15237.42,50.17154899999999,18.0,30370.631,99.9999406,73.0,4965.2080000000005,16.348676599999997,14.0,436.35600000000005,1.4367687,10.0,612.8140000000001,2.0177855,9.0,360.88800000000003,1.1882798,9.0,1483.945,4.886120999999999,5.0,3145.96,10.35856,6.0,1106.87,3.64454,1.0,3021.17,9.94766,1.0,mobilenet_v3_small.onnx
