aggregated_duration_nnconv2dnnbiasaddnnrelu,aggregated_percentage_nnconv2dnnbiasaddnnrelu,aggregated_count_nnconv2dnnbiasaddnnrelu,total_duration,total_percentage,total_count,aggregated_duration_nnconv2dnnbiasadd,aggregated_percentage_nnconv2dnnbiasadd,aggregated_count_nnconv2dnnbiasadd,aggregated_duration_nnconv2dnnbiasaddadd,aggregated_percentage_nnconv2dnnbiasaddadd,aggregated_count_nnconv2dnnbiasaddadd,aggregated_duration_mean,aggregated_percentage_mean,aggregated_count_mean,aggregated_duration_nndenseadd,aggregated_percentage_nndenseadd,aggregated_count_nndenseadd,label_model_name
128503.39499999997,69.402044,35.0,185157.944,100.00002160000001,54.0,21256.406000000003,11.480156999999998,7.0,31840.58,17.196459,10.0,92.693,0.0500616,1.0,3464.87,1.8713,1.0,mnasnet1_3.onnx
128568.88999999994,69.510615,35.0,184962.80299999999,99.99993979999998,54.0,20892.151,11.295324,7.0,31949.21,17.273312,10.0,93.182,0.0503788,1.0,3459.37,1.87031,1.0,mnasnet1_3.onnx
127747.5,69.640444,35.0,183438.733,100.00001889999999,54.0,20843.856,11.362839000000001,7.0,31299.199999999997,17.062485,10.0,93.427,0.0509309,1.0,3454.75,1.88332,1.0,mnasnet1_3.onnx
123566.02599999998,68.29984499999999,35.0,180917.086,100.00003600000002,54.0,22071.309999999998,12.199672999999999,7.0,31720.590000000004,17.533233,10.0,92.53,0.051145,1.0,3466.63,1.91614,1.0,mnasnet1_3.onnx
127960.82400000004,69.45151300000002,35.0,184244.78199999992,99.99997720000003,54.0,21309.909,11.566084,7.0,31423.17,17.055118,10.0,89.289,0.0484622,1.0,3461.59,1.8788,1.0,mnasnet1_3.onnx
128455.57400000001,69.25365400000001,35.0,185485.62000000005,100.0000097,54.0,21556.568,11.621692,7.0,31926.740000000005,17.212525,10.0,91.238,0.0491887,1.0,3455.5,1.86295,1.0,mnasnet1_3.onnx
128045.259,69.50153399999999,35.0,184233.81100000005,100.00005669999996,54.0,21088.631,11.446669,7.0,31546.420000000002,17.123053,10.0,92.671,0.0503007,1.0,3460.83,1.8785,1.0,mnasnet1_3.onnx
123539.51100000001,68.550479,35.0,180216.81400000004,100.00001919999998,54.0,21507.506,11.934258,7.0,31612.3,17.541275,10.0,91.527,0.0507872,1.0,3465.97,1.92322,1.0,mnasnet1_3.onnx
127971.10800000002,69.410857,35.0,184367.55,100.00000339999998,54.0,21060.256,11.422983000000002,7.0,31760.9,17.226952,10.0,91.836,0.0498114,1.0,3483.45,1.8894,1.0,mnasnet1_3.onnx
128384.07,69.415392,35.0,184950.51600000003,100.0000515,54.0,21267.213,11.498881,7.0,31745.399999999998,17.164276,10.0,91.703,0.0495825,1.0,3462.13,1.87192,1.0,mnasnet1_3.onnx
128552.96300000002,69.27469599999999,35.0,185569.78900000002,99.99996329999999,54.0,21593.14,11.636129,7.0,31868.329999999998,17.173223,10.0,92.906,0.0500653,1.0,3462.45,1.86585,1.0,mnasnet1_3.onnx
123446.98400000001,68.785221,35.0,179467.23899999994,99.99995890000001,54.0,20944.0,11.670097,7.0,31512.98,17.559167999999996,10.0,90.995,0.0507029,1.0,3472.28,1.93477,1.0,mnasnet1_3.onnx
127390.642,69.25572799999999,35.0,183942.44700000004,100.0000325,54.0,21236.974000000002,11.545456999999999,7.0,31778.609999999997,17.276381,10.0,88.801,0.0482765,1.0,3447.42,1.87419,1.0,mnasnet1_3.onnx
127845.15500000001,69.025137,35.0,185215.393,100.00001689999998,54.0,22081.941,11.922313,7.0,31726.83,17.129688,10.0,88.957,0.0480289,1.0,3472.51,1.87485,1.0,mnasnet1_3.onnx
127236.44200000001,69.28110499999998,35.0,183652.267,99.999924,54.0,21279.382,11.586766,7.0,31578.95,17.19497,10.0,88.783,0.048343,1.0,3468.71,1.88874,1.0,mnasnet1_3.onnx
122996.237,68.692701,35.0,179052.80299999999,99.99998469999997,54.0,20965.146,11.708912999999999,7.0,31543.760000000002,17.617022,10.0,89.9,0.0502087,1.0,3457.76,1.93114,1.0,mnasnet1_3.onnx
127739.25899999998,69.36509899999999,35.0,184154.89099999992,99.9999753,54.0,21048.308,11.429675,7.0,31813.6,17.275452,10.0,90.474,0.0491293,1.0,3463.25,1.88062,1.0,mnasnet1_3.onnx
128280.328,69.24875699999998,35.0,185245.63000000003,99.99996239999996,54.0,21700.126000000004,11.714239,7.0,31703.66,17.114378,10.0,93.546,0.0504984,1.0,3467.97,1.87209,1.0,mnasnet1_3.onnx
128400.47199999998,69.65657999999999,35.0,184333.798,100.00008989999999,54.0,20872.412,11.323163000000001,7.0,31513.649999999998,17.095978,10.0,90.174,0.0489189,1.0,3457.09,1.87545,1.0,mnasnet1_3.onnx
123747.30499999996,68.703191,35.0,180118.71,100.0000103,54.0,20991.451999999997,11.654236000000001,7.0,31815.58,17.663680999999997,10.0,92.333,0.0512623,1.0,3472.04,1.92764,1.0,mnasnet1_3.onnx
127450.76800000001,69.30474299999999,35.0,183898.90699999998,99.99993510000002,54.0,21349.989,11.609627,7.0,31544.489999999998,17.153164,10.0,90.37,0.0491411,1.0,3463.29,1.88326,1.0,mnasnet1_3.onnx
128678.97200000002,69.43525700000001,35.0,185322.20899999997,100.00000380000003,54.0,21721.193,11.720771,7.0,31360.72,16.922281,10.0,91.484,0.0493648,1.0,3469.84,1.87233,1.0,mnasnet1_3.onnx
127997.46800000002,69.15008999999999,35.0,185100.87799999994,99.99997350000001,54.0,22217.692000000003,12.003016,7.0,31331.58,16.926766,10.0,91.128,0.0492315,1.0,3463.01,1.87087,1.0,mnasnet1_3.onnx
123888.212,68.59352100000001,35.0,180612.11099999995,100.00001360000005,54.0,21458.983,11.881257999999999,7.0,31726.04,17.565859000000003,10.0,89.666,0.0496456,1.0,3449.21,1.90973,1.0,mnasnet1_3.onnx
127628.06800000001,69.28833300000001,35.0,184198.58200000002,100.00002260000002,54.0,21414.997,11.626031,7.0,31598.89,17.154793,10.0,91.907,0.0498956,1.0,3464.72,1.88097,1.0,mnasnet1_3.onnx
128051.33600000004,69.00444099999999,35.0,185569.741,100.00000579999998,54.0,21913.835,11.808947,7.0,32051.08,17.271712,10.0,90.94,0.0490058,1.0,3462.55,1.8659,1.0,mnasnet1_3.onnx
127829.33,69.54560500000001,35.0,183806.299,99.99992449999999,54.0,20829.595999999998,11.332367000000001,7.0,31585.420000000002,17.184069,10.0,90.623,0.0493035,1.0,3471.33,1.88858,1.0,mnasnet1_3.onnx
124323.96100000001,68.83990200000001,35.0,180598.65499999994,99.99998320000002,54.0,21572.422,11.944949999999999,7.0,31136.7,17.240821,10.0,91.022,0.0504002,1.0,3474.55,1.92391,1.0,mnasnet1_3.onnx
127881.337,69.289555,35.0,184560.81699999998,100.00001819999999,54.0,21592.328,11.699306,7.0,31524.15,17.080627,10.0,87.962,0.0476602,1.0,3475.04,1.88287,1.0,mnasnet1_3.onnx
127620.94100000002,69.557251,35.0,183476.11000000007,99.99999259999997,54.0,20699.296,11.281729,7.0,31587.269999999997,17.216013,10.0,92.563,0.0504496,1.0,3476.04,1.89455,1.0,mnasnet1_3.onnx
127902.07400000001,69.45106900000002,35.0,184161.54700000002,100.00005090000002,54.0,20966.206,11.384684,7.0,31731.219999999994,17.230104,10.0,93.377,0.0507039,1.0,3468.67,1.88349,1.0,mnasnet1_3.onnx
124080.87000000001,68.43314099999999,35.0,181316.98300000004,100.000014,54.0,22060.104,12.166589000000002,7.0,31627.390000000003,17.44315,10.0,91.119,0.050254,1.0,3457.5,1.90688,1.0,mnasnet1_3.onnx
128562.47499999998,69.51691500000003,35.0,184936.89399999994,99.99997139999999,54.0,21471.203,11.610021,7.0,31361.12,16.957742000000003,10.0,91.476,0.0494634,1.0,3450.62,1.86583,1.0,mnasnet1_3.onnx
128189.64600000002,69.456086,35.0,184562.129,99.99998430000001,54.0,21072.686,11.417665,7.0,31745.129999999997,17.200232,10.0,93.077,0.0504313,1.0,3461.59,1.87557,1.0,mnasnet1_3.onnx
128551.96300000002,69.24936999999998,35.0,185636.19599999997,99.99998529999998,54.0,21688.675,11.683429,7.0,31840.120000000003,17.151914,10.0,89.648,0.0482923,1.0,3465.79,1.86698,1.0,mnasnet1_3.onnx
123960.185,68.51578900000001,35.0,180921.98000000007,99.9999617,54.0,21802.422,12.050729,7.0,31603.339999999997,17.46794,10.0,90.323,0.0499237,1.0,3465.71,1.91558,1.0,mnasnet1_3.onnx
127969.85699999997,69.65735599999998,35.0,183713.339,99.99999839999998,54.0,21014.33,11.438662,7.0,31168.8,16.965982999999998,10.0,91.062,0.0495674,1.0,3469.29,1.88843,1.0,mnasnet1_3.onnx
128130.94699999997,69.172953,35.0,185232.709,100.0000148,54.0,22008.069000000003,11.881315,7.0,31529.18,17.021404,10.0,92.603,0.0499928,1.0,3471.91,1.87435,1.0,mnasnet1_3.onnx
127908.224,69.402615,35.0,184298.83599999998,99.99998530000002,54.0,21072.762000000002,11.434021000000001,7.0,31756.07,17.230742000000003,10.0,91.61,0.0497073,1.0,3470.17,1.8829,1.0,mnasnet1_3.onnx
123464.77400000002,68.05601200000001,35.0,181416.38499999992,100.00000710000002,54.0,22208.139,12.241537,7.0,32163.920000000002,17.729340999999998,10.0,89.052,0.0490871,1.0,3490.5,1.92403,1.0,mnasnet1_3.onnx
