aggregated_duration_nnconv2dnnbiasaddnnrelu,aggregated_percentage_nnconv2dnnbiasaddnnrelu,aggregated_count_nnconv2dnnbiasaddnnrelu,total_duration,total_percentage,total_count,aggregated_duration_nnmaxpool2d,aggregated_percentage_nnmaxpool2d,aggregated_count_nnmaxpool2d,aggregated_duration_concatenate,aggregated_percentage_concatenate,aggregated_count_concatenate,aggregated_duration_nnglobalavgpool2d,aggregated_percentage_nnglobalavgpool2d,aggregated_count_nnglobalavgpool2d,label_model_name
308155.95999999996,97.898955,26.0,314769.47300000006,100.00001929999999,38.0,2564.8440000000005,0.814832,3.0,3880.764,1.2328901,8.0,167.905,0.0533422,1.0,squeezenet1_0.onnx
0.0,nan,26.0,0.0,nan,38.0,0.0,nan,3.0,0.0,nan,8.0,0.0,nan,1.0,squeezenet1_0.onnx
346203.204,98.12421800000001,26.0,352821.50100000005,100.0000373,38.0,2562.906,0.726403,3.0,3886.5130000000004,1.1015513,8.0,168.878,0.047865,1.0,squeezenet1_0.onnx
0.0,nan,26.0,0.0,nan,38.0,0.0,nan,3.0,0.0,nan,8.0,0.0,nan,1.0,squeezenet1_0.onnx
304420.632,97.872327,26.0,311038.72599999997,100.00006479999999,38.0,2564.0260000000003,0.824342,3.0,3889.097,1.2503571,8.0,164.971,0.0530387,1.0,squeezenet1_0.onnx
0.0,nan,26.0,0.0,nan,38.0,0.0,nan,3.0,0.0,nan,8.0,0.0,nan,1.0,squeezenet1_0.onnx
347563.386,98.13188500000001,26.0,354179.748,99.9999622,38.0,2566.4120000000003,0.7246070000000001,3.0,3880.072,1.0955065,8.0,169.878,0.0479637,1.0,squeezenet1_0.onnx
0.0,nan,26.0,0.0,nan,38.0,0.0,nan,3.0,0.0,nan,8.0,0.0,nan,1.0,squeezenet1_0.onnx
305559.36500000005,97.87670199999998,26.0,312188.04600000003,100.0000025,38.0,2574.6339999999996,0.8247059999999999,3.0,3886.112,1.2448015,8.0,167.935,0.053793,1.0,squeezenet1_0.onnx
0.0,nan,26.0,0.0,nan,38.0,0.0,nan,3.0,0.0,nan,8.0,0.0,nan,1.0,squeezenet1_0.onnx
347689.95800000004,98.132887,26.0,354305.044,99.99994590000001,38.0,2569.257,0.7251529999999999,3.0,3876.598,1.0941417,8.0,169.231,0.0477642,1.0,squeezenet1_0.onnx
0.0,nan,26.0,0.0,nan,38.0,0.0,nan,3.0,0.0,nan,8.0,0.0,nan,1.0,squeezenet1_0.onnx
306348.83799999993,97.883022,26.0,312974.4799999999,100.0000128,38.0,2567.154,0.820243,3.0,3885.734,1.2415503,8.0,172.754,0.0551975,1.0,squeezenet1_0.onnx
0.0,nan,26.0,0.0,nan,38.0,0.0,nan,3.0,0.0,nan,8.0,0.0,nan,1.0,squeezenet1_0.onnx
346611.64300000004,98.127483,26.0,353225.72500000003,99.99996379999999,38.0,2564.9439999999995,0.726148,3.0,3879.760999999999,1.0983813,8.0,169.377,0.0479515,1.0,squeezenet1_0.onnx
0.0,nan,26.0,0.0,nan,38.0,0.0,nan,3.0,0.0,nan,8.0,0.0,nan,1.0,squeezenet1_0.onnx
304044.329,97.876289,26.0,310641.271,99.99994149999999,38.0,2565.8599999999997,0.825989,3.0,3863.5609999999997,1.2437360999999998,8.0,167.521,0.0539274,1.0,squeezenet1_0.onnx
0.0,nan,26.0,0.0,nan,38.0,0.0,nan,3.0,0.0,nan,8.0,0.0,nan,1.0,squeezenet1_0.onnx
346281.19500000007,98.131009,26.0,352876.18100000004,99.99993070000001,38.0,2552.137,0.723238,3.0,3879.556,1.0994089,8.0,163.293,0.0462748,1.0,squeezenet1_0.onnx
0.0,nan,26.0,0.0,nan,38.0,0.0,nan,3.0,0.0,nan,8.0,0.0,nan,1.0,squeezenet1_0.onnx
306542.571,97.8906,26.0,313148.129,100.0000057,38.0,2563.082,0.818488,3.0,3872.9060000000004,1.2367675,8.0,169.57,0.0541502,1.0,squeezenet1_0.onnx
0.0,nan,26.0,0.0,nan,38.0,0.0,nan,3.0,0.0,nan,8.0,0.0,nan,1.0,squeezenet1_0.onnx
346788.598,98.126373,26.0,353409.87399999995,99.99991480000001,38.0,2567.29,0.7264349999999999,3.0,3888.751,1.1003523,8.0,165.235,0.0467545,1.0,squeezenet1_0.onnx
0.0,nan,26.0,0.0,nan,38.0,0.0,nan,3.0,0.0,nan,8.0,0.0,nan,1.0,squeezenet1_0.onnx
305506.238,97.877972,26.0,312129.751,100.00000709999999,38.0,2572.509,0.824179,3.0,3881.465,1.2435393000000001,8.0,169.539,0.0543168,1.0,squeezenet1_0.onnx
0.0,nan,26.0,0.0,nan,38.0,0.0,nan,3.0,0.0,nan,8.0,0.0,nan,1.0,squeezenet1_0.onnx
346975.69999999995,98.130222,26.0,353586.90799999994,99.9999746,38.0,2560.8700000000003,0.724254,3.0,3883.863,1.0984167999999999,8.0,166.475,0.0470818,1.0,squeezenet1_0.onnx
0.0,nan,26.0,0.0,nan,38.0,0.0,nan,3.0,0.0,nan,8.0,0.0,nan,1.0,squeezenet1_0.onnx
307325.179,97.89414100000002,26.0,313936.10199999996,99.99995500000001,38.0,2564.692,0.816946,3.0,3876.5280000000002,1.2348115,8.0,169.703,0.0540565,1.0,squeezenet1_0.onnx
0.0,nan,26.0,0.0,nan,38.0,0.0,nan,3.0,0.0,nan,8.0,0.0,nan,1.0,squeezenet1_0.onnx
344800.037,98.12436199999999,26.0,351390.988,100.0000328,38.0,2569.4359999999997,0.731217,3.0,3853.5440000000003,1.0966521,8.0,167.971,0.0478017,1.0,squeezenet1_0.onnx
0.0,nan,26.0,0.0,nan,38.0,0.0,nan,3.0,0.0,nan,8.0,0.0,nan,1.0,squeezenet1_0.onnx
305781.059,97.87503099999998,26.0,312419.947,100.00001719999997,38.0,2569.441,0.8224300000000001,3.0,3900.7019999999998,1.248544,8.0,168.745,0.0540122,1.0,squeezenet1_0.onnx
0.0,nan,26.0,0.0,nan,38.0,0.0,nan,3.0,0.0,nan,8.0,0.0,nan,1.0,squeezenet1_0.onnx
347027.5619999999,98.051563,26.0,353923.507,99.99999430000001,38.0,2566.253,0.725088,3.0,4159.282999999999,1.1751947000000003,8.0,170.409,0.0481486,1.0,squeezenet1_0.onnx
0.0,nan,26.0,0.0,nan,38.0,0.0,nan,3.0,0.0,nan,8.0,0.0,nan,1.0,squeezenet1_0.onnx
305628.25,97.88741999999999,26.0,312224.171,99.99997800000001,38.0,2574.227,0.8244800000000001,3.0,3854.3030000000003,1.2344656,8.0,167.391,0.0536124,1.0,squeezenet1_0.onnx
0.0,nan,26.0,0.0,nan,38.0,0.0,nan,3.0,0.0,nan,8.0,0.0,nan,1.0,squeezenet1_0.onnx
345574.554,98.12555300000001,26.0,352175.771,99.99996110000001,38.0,2567.746,0.729109,3.0,3864.2219999999998,1.097241,8.0,169.249,0.0480581,1.0,squeezenet1_0.onnx
0.0,nan,26.0,0.0,nan,38.0,0.0,nan,3.0,0.0,nan,8.0,0.0,nan,1.0,squeezenet1_0.onnx
