aggregated_duration_nnconv2dnnbiasaddnnrelu,aggregated_percentage_nnconv2dnnbiasaddnnrelu,aggregated_count_nnconv2dnnbiasaddnnrelu,total_duration,total_percentage,total_count,aggregated_duration_nnmaxpool2d,aggregated_percentage_nnmaxpool2d,aggregated_count_nnmaxpool2d,aggregated_duration_nnavgpool2d,aggregated_percentage_nnavgpool2d,aggregated_count_nnavgpool2d,aggregated_duration_nndenseaddnnrelu,aggregated_percentage_nndenseaddnnrelu,aggregated_count_nndenseaddnnrelu,aggregated_duration_nndenseadd,aggregated_percentage_nndenseadd,aggregated_count_nndenseadd,label_model_name
1493927.5999999999,39.569610000000004,10.0,3775438.823,99.99998967,19.0,4255.334,0.11271095,5.0,40.349,0.00106872,1.0,2271108.0,60.15483,2.0,6107.54,0.16177,1.0,vgg13.onnx
1492994.9,39.445240000000005,10.0,3784982.211,99.99997126000001,19.0,4258.347000000001,0.11250650999999999,5.0,42.004,0.00110975,1.0,2281462.0,60.276650000000004,2.0,6224.96,0.164465,1.0,vgg13.onnx
1500604.7,39.43614,10.0,3805152.983,99.99997382,19.0,4228.8279999999995,0.11113408999999998,5.0,40.705,0.00106973,1.0,2294060.0,60.288199999999996,2.0,6218.75,0.16343,1.0,vgg13.onnx
1537720.5,40.06498000000001,10.0,3838066.163,99.99997543000002,19.0,4241.187,0.11050316,5.0,42.306,0.00110227,1.0,2289828.0,59.660959999999996,2.0,6234.17,0.16243,1.0,vgg13.onnx
1489586.7,39.281099999999995,10.0,3792116.592,99.99997795,19.0,4251.133,0.11210444000000001,5.0,40.519,0.00106851,1.0,2292022.0,60.44178,2.0,6216.24,0.163925,1.0,vgg13.onnx
1490895.1,39.30472000000001,10.0,3793171.646,99.99997914999999,19.0,4261.287,0.11234111,5.0,41.309,0.00108904,1.0,2291735.0,60.417350000000006,2.0,6238.95,0.164479,1.0,vgg13.onnx
1496662.1,39.64826,10.0,3774851.705,99.99998979,19.0,4250.996999999999,0.11261398,5.0,41.818,0.00110781,1.0,2267671.0,60.07308,2.0,6225.79,0.164928,1.0,vgg13.onnx
1538038.5000000002,40.100640000000006,10.0,3835441.882,99.99997056000001,19.0,4268.074,0.11127959000000001,5.0,40.808,0.00106397,1.0,2286872.0,59.62475,2.0,6222.5,0.162237,1.0,vgg13.onnx
1494073.9,39.72021,10.0,3761499.056,100.00004533,19.0,4261.92,0.11330393999999999,5.0,40.526,0.00107739,1.0,2256892.0,59.999810000000004,2.0,6230.71,0.165644,1.0,vgg13.onnx
1492504.4,39.34582,10.0,3793297.9189999998,100.00003540999998,19.0,4253.075,0.11212053,5.0,41.684,0.00109888,1.0,2290276.0,60.37695,2.0,6222.76,0.164046,1.0,vgg13.onnx
1504569.8,39.91097,10.0,3769822.0700000003,100.00008606,19.0,4263.269,0.11308943000000002,5.0,41.341,0.00109663,1.0,2254715.0,59.8096,2.0,6232.66,0.16533,1.0,vgg13.onnx
1533271.9999999998,39.95288000000001,10.0,3837699.8189999997,100.00000750999999,19.0,4262.570000000001,0.11107102,5.0,42.579,0.00110949,1.0,2293903.0,59.77288,2.0,6219.67,0.162067,1.0,vgg13.onnx
1492719.6,39.44118,10.0,3784671.1619999995,100.00003890999999,19.0,4246.2300000000005,0.11219523999999999,5.0,40.332,0.00106567,1.0,2281434.0,60.28096,2.0,6231.0,0.164638,1.0,vgg13.onnx
1493648.1,39.34554000000001,10.0,3796238.092,99.99999104,19.0,4265.606,0.11236422,5.0,41.676,0.00109782,1.0,2292044.0,60.37665,2.0,6238.71,0.164339,1.0,vgg13.onnx
1497863.2,39.43712,10.0,3798106.4979999997,99.99998703,19.0,4258.376,0.11211840000000001,5.0,40.132,0.00105663,1.0,2289720.0,60.2858,2.0,6224.79,0.163892,1.0,vgg13.onnx
1534969.4000000001,40.07712000000001,10.0,3830046.75,100.00002253999999,19.0,4260.397000000001,0.11123617000000001,5.0,41.953,0.00109537,1.0,2284532.0,59.647569999999995,2.0,6243.0,0.163001,1.0,vgg13.onnx
1492851.9,39.317919999999994,10.0,3796873.9410000006,99.99995023,19.0,4271.544,0.11250149,5.0,40.047,0.00105474,1.0,2293488.0,60.40459,2.0,6222.45,0.163884,1.0,vgg13.onnx
1497047.4,39.401030000000006,10.0,3799512.209,100.00001123000001,19.0,4252.362,0.11191885,5.0,41.277,0.00108638,1.0,2291980.0,60.32303,2.0,6191.17,0.162946,1.0,vgg13.onnx
1503866.0999999999,39.87289,10.0,3771648.373,100.00001993999999,19.0,4246.88,0.11260009000000001,5.0,41.143,0.00109085,1.0,2257259.0,59.84812,2.0,6235.25,0.165319,1.0,vgg13.onnx
1535161.7000000002,40.091170000000005,10.0,3829179.447,100.00007020000001,19.0,4230.947999999999,0.11049229,5.0,42.309,0.00110491,1.0,2283535.0,59.63514,2.0,6209.49,0.162163,1.0,vgg13.onnx
1498810.5,39.51975000000001,10.0,3792564.4660000005,99.99999360000001,19.0,4260.8150000000005,0.11234675999999999,5.0,41.181,0.00108584,1.0,2283209.0,60.2022,2.0,6242.97,0.164611,1.0,vgg13.onnx
1496095.4000000001,39.59861,10.0,3778157.3970000003,100.00007785,19.0,4253.597000000001,0.11258414,5.0,41.36,0.00109471,1.0,2271535.0,60.122840000000004,2.0,6232.04,0.164949,1.0,vgg13.onnx
1502110.7,39.74633,10.0,3779246.5470000003,99.99997289000002,19.0,4267.229,0.11291213,5.0,40.958,0.00108376,1.0,2266603.0,59.97494,2.0,6224.66,0.164707,1.0,vgg13.onnx
1535620.6,40.3889,10.0,3802084.666,100.00003544,19.0,4232.189,0.11131249000000001,5.0,42.087,0.00110695,1.0,2255961.0,59.33489,2.0,6228.79,0.163826,1.0,vgg13.onnx
1493366.1,39.43819,10.0,3786600.25,100.00004075,19.0,4259.034,0.11247632,5.0,41.366,0.00109243,1.0,2282707.0,60.28384,2.0,6226.75,0.164442,1.0,vgg13.onnx
1495705.3,39.377159999999996,10.0,3798409.582,100.00001581,19.0,4204.219000000001,0.11068381,5.0,40.643,0.00107,1.0,2292233.0,60.34718,2.0,6226.42,0.163922,1.0,vgg13.onnx
1500002.3,39.59416,10.0,3788442.306,100.00004077000001,19.0,4239.499,0.11190609,5.0,41.547,0.00109668,1.0,2277949.0,60.128960000000006,2.0,6209.96,0.163918,1.0,vgg13.onnx
1534264.8000000003,39.968250000000005,10.0,3838710.6010000003,100.00002797,19.0,4254.464,0.11083056,5.0,42.587,0.00110941,1.0,2293914.0,59.75742,2.0,6234.75,0.162418,1.0,vgg13.onnx
1492890.2999999998,39.31073000000001,10.0,3797668.369,100.00005003,19.0,4237.371999999999,0.11157825,5.0,39.867,0.00104978,1.0,2294257.0,60.41228,2.0,6243.83,0.164412,1.0,vgg13.onnx
1494456.4000000001,39.62642,10.0,3771365.2010000004,100.00008942000001,19.0,4269.475,0.11320764,5.0,41.326,0.00109578,1.0,2266372.0,60.09428,2.0,6226.0,0.165086,1.0,vgg13.onnx
1496454.2,39.45819,10.0,3792510.1100000003,100.00007493000001,19.0,4239.217,0.11177876,5.0,40.283,0.00106217,1.0,2285541.0,60.26463,2.0,6235.41,0.164414,1.0,vgg13.onnx
1531848.5,39.87175,10.0,3841940.233,99.99994971,19.0,4247.333,0.11055203000000001,5.0,41.98,0.00109268,1.0,2299576.0,59.854490000000006,2.0,6226.42,0.162065,1.0,vgg13.onnx
1491493.6,39.53372,10.0,3772715.3710000003,100.00004730999999,19.0,4256.294,0.11281792,5.0,40.647,0.00107739,1.0,2270676.0,60.1868,2.0,6248.83,0.165632,1.0,vgg13.onnx
1493782.8,39.47206,10.0,3784410.37,100.00003359,19.0,4274.1759999999995,0.11294168000000002,5.0,40.944,0.00108191,1.0,2280103.0,60.24987,2.0,6209.45,0.16408,1.0,vgg13.onnx
1500838.3,39.454390000000004,10.0,3803987.05,100.00003171000002,19.0,4231.101000000001,0.11122808000000001,5.0,41.069,0.00107963,1.0,2292671.0,60.2702,2.0,6205.58,0.163134,1.0,vgg13.onnx
1534959.6000000003,40.28655,10.0,3810095.9370000004,100.00001046000001,19.0,4245.411,0.11142532,5.0,40.926,0.00107414,1.0,2264625.0,59.43758,2.0,6225.0,0.163381,1.0,vgg13.onnx
1494302.2,39.29805999999999,10.0,3802477.2520000003,100.00000218000001,19.0,4261.559,0.11207294000000001,5.0,39.783,0.00104624,1.0,2297636.0,60.42478,2.0,6237.71,0.164043,1.0,vgg13.onnx
1494825.3999999997,39.44727,10.0,3789427.1089999997,100.00001436999999,19.0,4268.423999999999,0.11264030000000001,5.0,41.535,0.00109607,1.0,2284048.0,60.27424,2.0,6243.75,0.164768,1.0,vgg13.onnx
1500515.7999999998,39.92494,10.0,3758341.535,100.00000137,19.0,4274.957,0.11374587,5.0,41.398,0.0011015,1.0,2247276.0,59.79436,2.0,6233.38,0.165854,1.0,vgg13.onnx
1538702.1,39.97734,10.0,3848926.4350000005,99.99994535999998,19.0,4252.410000000001,0.11048305000000001,5.0,41.465,0.00107731,1.0,2299700.0,59.74917,2.0,6230.46,0.161875,1.0,vgg13.onnx
