aggregated_duration_nnconv2daddnnrelu,aggregated_percentage_nnconv2daddnnrelu,aggregated_count_nnconv2daddnnrelu,total_duration,total_percentage,total_count,aggregated_duration_nnmaxpool2d,aggregated_percentage_nnmaxpool2d,aggregated_count_nnmaxpool2d,aggregated_duration_nncontribconv2dwinogradwithoutweighttransformaddnnrelu,aggregated_percentage_nncontribconv2dwinogradwithoutweighttransformaddnnrelu,aggregated_count_nncontribconv2dwinogradwithoutweighttransformaddnnrelu,aggregated_duration_nncontribconv2dwinogradwithoutweighttransformaddaddnnrelu,aggregated_percentage_nncontribconv2dwinogradwithoutweighttransformaddaddnnrelu,aggregated_count_nncontribconv2dwinogradwithoutweighttransformaddaddnnrelu,aggregated_duration_nnconv2dadd,aggregated_percentage_nnconv2dadd,aggregated_count_nnconv2dadd,aggregated_duration_nnglobalavgpool2d,aggregated_percentage_nnglobalavgpool2d,aggregated_count_nnglobalavgpool2d,aggregated_duration_nndenseadd,aggregated_percentage_nndenseadd,aggregated_count_nndenseadd,label_model_name
284298.85,41.88382,4.0,678781.021,100.00009478999996,39.0,977.058,0.143943,1.0,177946.89999999997,26.215629999999997,13.0,209540.54,30.87016,16.0,4556.62,0.671295,3.0,42.083,0.00619979,1.0,1418.97,0.209047,1.0,resnet34.onnx
283762.80000000005,42.02119999999999,4.0,675286.056,100.00007114000003,39.0,977.581,0.144765,1.0,176866.74000000002,26.191370000000003,13.0,207718.88,30.76014,16.0,4488.879999999999,0.664737,3.0,43.145,0.00638914,1.0,1428.03,0.21147,1.0,resnet34.onnx
304101.1,43.52991,4.0,698603.4110000002,100.00003356,39.0,979.695,0.140236,1.0,176926.37000000002,25.325719999999997,13.0,210382.18,30.11467,16.0,4763.969999999999,0.681927,3.0,41.976,0.00600856,1.0,1408.12,0.201562,1.0,resnet34.onnx
306292.39,43.866460000000004,4.0,698238.7379999998,100.00005343000002,39.0,980.659,0.140448,1.0,174416.25,24.97948,13.0,210551.25,30.15462,16.0,4552.74,0.6520320000000001,3.0,42.009,0.00601643,1.0,1403.44,0.200997,1.0,resnet34.onnx
284114.4,41.85803,4.0,678756.629,99.99998485999996,39.0,976.212,0.143824,1.0,177678.33,26.177030000000002,13.0,209742.43000000002,30.900999999999993,16.0,4788.7300000000005,0.705514,3.0,42.367,0.00624186,1.0,1414.16,0.208345,1.0,resnet34.onnx
283026.3,41.90665,4.0,675373.8319999998,100.00000693000003,39.0,982.748,0.145512,1.0,176995.63,26.207050000000002,13.0,208199.24000000002,30.82724,16.0,4708.34,0.697146,3.0,41.974,0.00621493,1.0,1419.6,0.210194,1.0,resnet34.onnx
305569.2,43.6242,4.0,700457.2899999999,99.99997176,39.0,981.583,0.140135,1.0,177234.98,25.302770000000002,13.0,210546.80999999997,30.05848,16.0,4664.33,0.665897,3.0,42.467,0.00606276,1.0,1417.92,0.202427,1.0,resnet34.onnx
305505.5,43.79096,4.0,697643.4239999999,99.99993301999997,39.0,974.412,0.139672,1.0,174772.59,25.05188,13.0,210289.81000000003,30.142889999999998,16.0,4641.9,0.665368,3.0,41.482,0.00594602,1.0,1417.73,0.203217,1.0,resnet34.onnx
283497.6,41.82291,4.0,677853.4099999999,100.00003362999999,39.0,978.796,0.144396,1.0,178358.20999999996,26.312189999999998,13.0,209062.18,30.84179,16.0,4507.4400000000005,0.664957,3.0,41.394,0.00610663,1.0,1407.79,0.207684,1.0,resnet34.onnx
283866.19,41.960440000000006,4.0,676510.361,100.00004191000002,39.0,975.405,0.144182,1.0,177030.98000000004,26.16822,13.0,208513.34000000003,30.8219,16.0,4676.02,0.691198,3.0,42.376,0.00626391,1.0,1406.05,0.207838,1.0,resnet34.onnx
304453.5,43.51665,4.0,699625.1160000004,99.99999508,39.0,980.403,0.140133,1.0,177689.63999999996,25.39785,13.0,210301.2,30.059120000000004,16.0,4746.12,0.67838,3.0,43.993,0.00628808,1.0,1410.26,0.201574,1.0,resnet34.onnx
307218.76,43.96891,4.0,698718.7700000001,99.99998198999998,39.0,980.088,0.140269,1.0,174669.72,24.998529999999995,13.0,209847.40999999995,30.03316,16.0,4534.16,0.6489240000000001,3.0,44.152,0.00631899,1.0,1424.48,0.20387,1.0,resnet34.onnx
285644.39999999997,42.02115,4.0,679762.915,99.99991340000004,39.0,976.998,0.143726,1.0,177708.55999999997,26.142699999999998,13.0,209123.41000000003,30.764139999999998,16.0,4864.76,0.715654,3.0,41.577,0.0061164,1.0,1403.21,0.206427,1.0,resnet34.onnx
284535.2,42.06821,4.0,676365.4739999999,99.99995500999997,39.0,979.343,0.144795,1.0,176880.47999999995,26.15159,13.0,208008.41,30.753879999999995,16.0,4494.27,0.664472,3.0,41.441,0.00612701,1.0,1426.33,0.210881,1.0,resnet34.onnx
302912.04,43.4442,4.0,697243.8249999998,100.00006753,39.0,976.511,0.140053,1.0,177564.02000000002,25.466600000000007,13.0,209647.6,30.068080000000002,16.0,4684.9,0.6719170000000001,3.0,42.424,0.00608453,1.0,1416.33,0.203133,1.0,resnet34.onnx
307126.13,43.94976,4.0,698811.2229999999,100.00000738,39.0,978.57,0.140034,1.0,174619.41000000003,24.988080000000004,13.0,210033.86,30.055909999999997,16.0,4597.950000000001,0.6579679999999999,3.0,42.113,0.00602638,1.0,1413.19,0.202229,1.0,resnet34.onnx
283872.1,41.900450000000006,4.0,677491.515,100.00003869,39.0,969.805,0.143147,1.0,177283.24,26.167629999999996,13.0,209364.05999999994,30.90285,16.0,4538.99,0.669971,3.0,41.23,0.00608569,1.0,1422.09,0.209905,1.0,resnet34.onnx
285017.0,42.01622,4.0,678350.7529999999,100.00005558999997,39.0,980.094,0.144482,1.0,176842.99,26.069550000000003,13.0,209227.67999999993,30.84359,16.0,4830.34,0.71207,3.0,42.869,0.00631959,1.0,1409.78,0.207824,1.0,resnet34.onnx
302922.31,43.44778,4.0,697209.525,99.99999616,39.0,979.307,0.140461,1.0,177237.83000000002,25.421039999999998,13.0,209819.62999999998,30.094219999999993,16.0,4795.66,0.687836,3.0,41.248,0.00591616,1.0,1413.54,0.202743,1.0,resnet34.onnx
307646.19999999995,43.94107,4.0,700133.8149999998,100.00004512999995,39.0,981.823,0.140234,1.0,174983.75000000003,24.99291,13.0,210257.37999999995,30.031049999999993,16.0,4810.51,0.687085,3.0,42.352,0.00604913,1.0,1411.8,0.201647,1.0,resnet34.onnx
284169.5,41.90016,4.0,678206.848,100.00002042000001,39.0,977.213,0.144088,1.0,178181.56,26.27243,13.0,208801.27999999997,30.787259999999996,16.0,4619.79,0.6811769999999999,3.0,41.855,0.00617142,1.0,1415.65,0.208734,1.0,resnet34.onnx
284289.8,41.961380000000005,4.0,677503.6410000001,100.00000269000003,39.0,981.105,0.144812,1.0,177008.05000000002,26.12651,13.0,209020.22999999998,30.851519999999997,16.0,4745.71,0.700469,3.0,41.766,0.00616469,1.0,1416.98,0.209147,1.0,resnet34.onnx
303238.58999999997,43.52542,4.0,696694.0050000002,100.00006741000001,39.0,983.423,0.141156,1.0,176384.17999999996,25.31731,13.0,210157.55,30.164979999999993,16.0,4461.34,0.6403589999999999,3.0,41.902,0.00601441,1.0,1427.02,0.204828,1.0,resnet34.onnx
305990.6,43.81071,4.0,698437.484,100.00000063999998,39.0,981.846,0.140578,1.0,175049.93,25.06308,13.0,210448.48,30.13135,16.0,4508.67,0.645537,3.0,40.898,0.00585564,1.0,1417.06,0.20289,1.0,resnet34.onnx
283457.5,41.90779,4.0,676384.4760000001,100.00002502000004,39.0,978.185,0.14462,1.0,177576.52999999997,26.25379000000001,13.0,208209.89,30.782750000000004,16.0,4699.02,0.694726,3.0,39.731,0.00587402,1.0,1423.62,0.210475,1.0,resnet34.onnx
282976.33999999997,41.88269,4.0,675639.6470000001,99.99992588,39.0,981.613,0.145286,1.0,176727.65,26.15708,13.0,208921.91999999998,30.922069999999998,16.0,4578.0,0.6775789999999999,3.0,41.524,0.00614588,1.0,1412.6,0.209075,1.0,resnet34.onnx
303327.69999999995,43.500460000000004,4.0,697297.926,100.00007416000001,39.0,980.21,0.140573,1.0,177084.24,25.39579,13.0,209812.92,30.089470000000002,16.0,4629.79,0.663961,3.0,41.316,0.00592516,1.0,1421.75,0.203895,1.0,resnet34.onnx
307939.2,44.06056,4.0,698898.9639999999,99.99993544000002,39.0,976.07,0.139658,1.0,174890.33,25.02368,13.0,209148.27000000002,29.9254,16.0,4489.59,0.6423810000000001,3.0,41.294,0.00590844,1.0,1414.21,0.202348,1.0,resnet34.onnx
283282.66,41.85074,4.0,676886.9589999999,99.99996376000003,39.0,983.136,0.145244,1.0,177440.48000000004,26.214229999999997,13.0,209013.03,30.878569999999996,16.0,4703.139999999999,0.69482,3.0,42.033,0.00620976,1.0,1422.48,0.21015,1.0,resnet34.onnx
284883.3,42.06998,4.0,677163.9629999998,99.99995968,39.0,980.851,0.144847,1.0,177056.72000000003,26.146829999999998,13.0,208039.86,30.72224,16.0,4748.8099999999995,0.701281,3.0,42.842,0.00632668,1.0,1411.58,0.208455,1.0,resnet34.onnx
303400.25,43.48276,4.0,697748.2050000001,100.00001589,39.0,979.931,0.140442,1.0,176595.92,25.30942,13.0,210764.4,30.206379999999996,16.0,4552.59,0.652469,3.0,40.964,0.00587089,1.0,1414.15,0.202674,1.0,resnet34.onnx
310363.1,44.03109,4.0,704872.7649999999,100.00001773000001,39.0,977.559,0.138686,1.0,176053.14,24.976589999999998,13.0,211408.94999999995,29.992500000000007,16.0,4613.3,0.654487,3.0,42.516,0.00603173,1.0,1414.2,0.200633,1.0,resnet34.onnx
284284.9,41.94587,4.0,677743.858,100.00006837,39.0,979.906,0.144583,1.0,177282.57999999996,26.15775,13.0,209105.40999999997,30.853140000000003,16.0,4641.41,0.684832,3.0,41.982,0.00619437,1.0,1407.67,0.207699,1.0,resnet34.onnx
282102.6,41.85832,4.0,673946.0819999999,99.99999298000002,39.0,975.271,0.144711,1.0,176832.69000000003,26.23843,13.0,208100.94,30.877959999999998,16.0,4479.280000000001,0.664635,3.0,40.841,0.00605998,1.0,1414.46,0.209877,1.0,resnet34.onnx
303955.19999999995,43.57658,4.0,697518.8219999999,99.99991820999999,39.0,978.848,0.140333,1.0,176493.84,25.303069999999998,13.0,210143.58000000002,30.12729,16.0,4479.4400000000005,0.6421969999999999,3.0,42.864,0.00614521,1.0,1425.05,0.204303,1.0,resnet34.onnx
306088.05,43.86089,4.0,697860.6100000001,99.99999810000003,39.0,975.779,0.139824,1.0,175053.52999999994,25.084319999999995,13.0,209690.39999999997,30.047620000000002,16.0,4593.73,0.6582589999999999,3.0,41.991,0.0060171,1.0,1417.13,0.203068,1.0,resnet34.onnx
283462.19999999995,41.78594,4.0,678367.3340000003,100.00001418999999,39.0,980.214,0.144496,1.0,177777.22000000003,26.206650000000007,13.0,209838.28000000003,30.932840000000002,16.0,4853.780000000001,0.715508,3.0,42.06,0.00620019,1.0,1413.58,0.20838,1.0,resnet34.onnx
283725.0,41.97116,4.0,676000.0169999999,100.00003255,39.0,981.315,0.145165,1.0,177167.19999999998,26.20818,13.0,208242.48,30.805110000000006,16.0,4431.48,0.655544,3.0,42.132,0.00623255,1.0,1410.41,0.208641,1.0,resnet34.onnx
304572.6,43.51999,4.0,699845.5369999999,100.00000070000002,39.0,974.763,0.139283,1.0,177609.40000000002,25.37838,13.0,210584.82000000004,30.09016,16.0,4642.3099999999995,0.663335,3.0,40.274,0.0057547,1.0,1421.37,0.203098,1.0,resnet34.onnx
306896.6,43.91301,4.0,698874.797,100.0000509,39.0,985.09,0.140954,1.0,175063.10000000003,25.049299999999995,13.0,209777.69,30.016469999999998,16.0,4695.64,0.671886,3.0,42.407,0.0060679,1.0,1414.27,0.202363,1.0,resnet34.onnx
