aggregated_duration_nnconv2daddnnrelu,aggregated_percentage_nnconv2daddnnrelu,aggregated_count_nnconv2daddnnrelu,total_duration,total_percentage,total_count,aggregated_duration_nnmaxpool2d,aggregated_percentage_nnmaxpool2d,aggregated_count_nnmaxpool2d,aggregated_duration_nnconv2dadd,aggregated_percentage_nnconv2dadd,aggregated_count_nnconv2dadd,aggregated_duration_concatenatereshapetransposereshape,aggregated_percentage_concatenatereshapetransposereshape,aggregated_count_concatenatereshapetransposereshape,aggregated_duration_stridedslice,aggregated_percentage_stridedslice,aggregated_count_stridedslice,aggregated_duration_stridedsliceconcatenatereshapetransposereshape,aggregated_percentage_stridedsliceconcatenatereshapetransposereshape,aggregated_count_stridedsliceconcatenatereshapetransposereshape,aggregated_duration_mean,aggregated_percentage_mean,aggregated_count_mean,aggregated_duration_nndenseadd,aggregated_percentage_nndenseadd,aggregated_count_nndenseadd,label_model_name
48708.807,80.417222,37.0,60570.08100000001,99.99994619999998,88.0,369.72,0.6104,1.0,5901.240000000001,9.742823999999999,19.0,433.995,0.716517,3.0,407.907,0.6734462,13.0,1785.601,2.9479919999999993,13.0,76.061,0.125575,1.0,2886.75,4.76597,1.0,shufflenet_v2_x1_0.onnx
48605.931,80.34568200000001,37.0,60496.004,99.9999756,88.0,375.23,0.620255,1.0,5915.682,9.778628,19.0,432.795,0.715411,3.0,406.788,0.6724205999999999,13.0,1790.45,2.959614,13.0,75.708,0.125145,1.0,2893.42,4.78282,1.0,shufflenet_v2_x1_0.onnx
48510.95199999999,80.275236,37.0,60430.775999999976,99.99996320000002,88.0,374.799,0.620212,1.0,5908.585999999999,9.777431000000002,19.0,432.583,0.715832,3.0,407.4099999999999,0.6741762000000001,13.0,1790.0620000000001,2.962167,13.0,72.504,0.119979,1.0,2933.88,4.85493,1.0,shufflenet_v2_x1_0.onnx
47268.483,79.92280399999997,37.0,59142.677,100.0000174,88.0,371.142,0.627537,1.0,5882.780000000001,9.946764000000002,19.0,433.13300000000004,0.7323529999999999,3.0,408.969,0.6914954,13.0,1790.0320000000002,3.026632,13.0,75.018,0.126842,1.0,2913.12,4.92559,1.0,shufflenet_v2_x1_0.onnx
48600.66999999999,80.375213,37.0,60467.25699999997,100.00002700000003,88.0,370.847,0.613302,1.0,5879.382000000001,9.723249999999998,19.0,433.3,0.7165860000000001,3.0,407.533,0.6739729999999998,13.0,1786.033,2.9537190000000004,13.0,72.902,0.120564,1.0,2916.59,4.82342,1.0,shufflenet_v2_x1_0.onnx
48633.465,80.39193800000001,37.0,60495.46699999998,100.0000035,88.0,370.763,0.612877,1.0,5871.691000000001,9.705995,19.0,432.643,0.7151649999999999,3.0,411.285,0.6798605,13.0,1790.0009999999997,2.958899,13.0,74.149,0.122569,1.0,2911.47,4.8127,1.0,shufflenet_v2_x1_0.onnx
48711.49400000001,80.376973,37.0,60603.78400000001,99.9999772,88.0,369.394,0.609522,1.0,5898.561,9.732982999999999,19.0,432.796,0.714139,3.0,409.625,0.6759062,13.0,1789.3840000000002,2.9525919999999997,13.0,72.92,0.120322,1.0,2919.61,4.81754,1.0,shufflenet_v2_x1_0.onnx
47293.87700000001,79.90726900000001,37.0,59185.93099999998,99.99997919999998,88.0,370.467,0.625938,1.0,5883.906000000001,9.941394,19.0,433.295,0.732091,3.0,409.5300000000001,0.6919382000000002,13.0,1789.1119999999999,3.0228679999999994,13.0,74.214,0.125391,1.0,2931.53,4.95309,1.0,shufflenet_v2_x1_0.onnx
48621.706000000006,80.382324,37.0,60488.044,99.99997389999996,88.0,365.509,0.604266,1.0,5898.093999999999,9.750835,19.0,432.599,0.715181,3.0,406.64799999999997,0.6722779000000001,13.0,1786.791,2.953956,13.0,76.157,0.125904,1.0,2900.54,4.79523,1.0,shufflenet_v2_x1_0.onnx
48679.90700000001,80.39519899999999,37.0,60550.72599999999,99.99995320000002,88.0,368.793,0.609065,1.0,5874.598,9.701951000000001,19.0,432.39300000000003,0.7141000000000001,3.0,408.9199999999999,0.6753352,13.0,1786.7579999999998,2.950846,13.0,74.397,0.122867,1.0,2924.96,4.83059,1.0,shufflenet_v2_x1_0.onnx
48681.23099999999,80.427748,37.0,60527.90299999999,99.99998129999997,88.0,372.379,0.615218,1.0,5884.650000000001,9.722201,19.0,432.714,0.7149000000000001,3.0,411.07200000000006,0.6791443,13.0,1789.0539999999999,2.9557480000000003,13.0,75.383,0.124542,1.0,2881.42,4.76048,1.0,shufflenet_v2_x1_0.onnx
47323.248000000014,79.981379,37.0,59167.87200000001,100.0000536,88.0,369.702,0.624836,1.0,5869.607000000001,9.920261,19.0,432.14,0.730362,3.0,405.456,0.6852636,13.0,1789.075,3.023728,13.0,73.264,0.123824,1.0,2905.38,4.9104,1.0,shufflenet_v2_x1_0.onnx
48547.48500000002,80.34047600000001,37.0,60427.21900000003,100.00004430000003,88.0,371.368,0.61457,1.0,5890.705,9.748424,19.0,433.098,0.7167270000000001,3.0,407.579,0.6744953000000001,13.0,1789.0939999999998,2.960738,13.0,72.05,0.119234,1.0,2915.84,4.82538,1.0,shufflenet_v2_x1_0.onnx
48532.128000000004,80.349852,37.0,60401.03300000001,100.00000639999999,88.0,369.013,0.610938,1.0,5882.899,9.739726000000001,19.0,431.76700000000005,0.714834,3.0,410.33299999999997,0.6793473999999999,13.0,1790.2030000000002,2.963861000000001,13.0,74.6,0.123508,1.0,2910.09,4.81794,1.0,shufflenet_v2_x1_0.onnx
49434.685,80.56485300000001,37.0,61360.139,100.00002129999997,88.0,368.596,0.600709,1.0,5906.305999999998,9.625636,19.0,430.17,0.7010569999999999,3.0,415.83299999999997,0.6776922999999999,13.0,1794.0960000000005,2.923877,13.0,75.993,0.123847,1.0,2934.46,4.78235,1.0,shufflenet_v2_x1_0.onnx
47343.87700000001,79.98695399999998,37.0,59189.49700000001,99.9999889,88.0,371.162,0.627074,1.0,5877.090000000001,9.929276,19.0,432.673,0.730996,3.0,408.94100000000003,0.6909008999999998,13.0,1789.4720000000004,3.023292,13.0,74.452,0.125786,1.0,2891.83,4.88571,1.0,shufflenet_v2_x1_0.onnx
48637.33600000002,80.362616,37.0,60522.342000000004,100.00000439999998,88.0,371.191,0.613312,1.0,5902.794999999999,9.753089,19.0,432.83,0.715157,3.0,409.417,0.6764724,13.0,1790.4710000000002,2.9583619999999993,13.0,74.222,0.122636,1.0,2904.08,4.79836,1.0,shufflenet_v2_x1_0.onnx
48623.73499999999,80.39285299999999,37.0,60482.65999999999,99.99999509999999,88.0,366.81,0.606471,1.0,5876.685,9.716308000000001,19.0,431.32800000000003,0.7131430000000001,3.0,410.2159999999999,0.6782370999999998,13.0,1790.146,2.9597649999999995,13.0,71.58,0.118348,1.0,2912.16,4.81487,1.0,shufflenet_v2_x1_0.onnx
48493.70199999999,80.353542,37.0,60350.38899999998,99.99995209999997,88.0,370.698,0.614242,1.0,5885.96,9.752978,19.0,433.71099999999996,0.718654,3.0,409.432,0.6784241,13.0,1787.2689999999998,2.961484,13.0,74.417,0.123308,1.0,2895.2,4.79732,1.0,shufflenet_v2_x1_0.onnx
47771.29200000001,80.14197399999999,37.0,59608.300000000025,99.99997599999996,88.0,369.787,0.620361,1.0,5841.752999999999,9.80024,19.0,433.481,0.727216,3.0,412.616,0.692212,13.0,1790.6109999999999,3.003964,13.0,74.14,0.124379,1.0,2914.62,4.88963,1.0,shufflenet_v2_x1_0.onnx
48615.35400000001,80.383184,37.0,60479.52099999999,100.00002809999998,88.0,373.61,0.617746,1.0,5889.045000000002,9.737261,19.0,433.27700000000004,0.716403,3.0,404.406,0.6686660999999999,13.0,1791.1950000000004,2.961656,13.0,71.264,0.117832,1.0,2901.37,4.79728,1.0,shufflenet_v2_x1_0.onnx
48695.34500000001,80.37925800000002,37.0,60581.976000000024,100.00000589999996,88.0,369.004,0.609099,1.0,5902.403999999998,9.742842999999997,19.0,433.42100000000005,0.7154299999999999,3.0,408.05199999999996,0.6735539,13.0,1789.0610000000001,2.953127,13.0,74.349,0.122725,1.0,2910.34,4.80397,1.0,shufflenet_v2_x1_0.onnx
48684.422999999995,80.42584299999999,37.0,60533.28400000001,99.99996760000002,88.0,372.575,0.615488,1.0,5866.193000000001,9.690858999999998,19.0,432.918,0.715174,3.0,409.49899999999997,0.6764855999999998,13.0,1789.098,2.95556,13.0,74.618,0.123268,1.0,2903.96,4.79729,1.0,shufflenet_v2_x1_0.onnx
47230.68299999999,79.96327699999999,37.0,59065.506000000016,100.00004729999998,88.0,369.116,0.624926,1.0,5866.644,9.932431,19.0,432.31899999999996,0.731931,3.0,406.851,0.6888133000000001,13.0,1787.322,3.0260010000000004,13.0,74.061,0.125388,1.0,2898.51,4.90728,1.0,shufflenet_v2_x1_0.onnx
48609.871999999996,80.36585600000001,37.0,60485.73299999999,100.00001510000004,88.0,372.852,0.61643,1.0,5895.69,9.747236,19.0,432.796,0.715534,3.0,407.346,0.6734581,13.0,1789.2820000000002,2.9581890000000004,13.0,76.685,0.126782,1.0,2901.21,4.79653,1.0,shufflenet_v2_x1_0.onnx
48638.90000000001,80.39817099999999,37.0,60497.497999999985,99.9999937,88.0,366.949,0.606553,1.0,5864.4349999999995,9.693691000000001,19.0,432.355,0.714666,3.0,408.24799999999993,0.6748186999999999,13.0,1788.1779999999999,2.955792,13.0,73.893,0.122142,1.0,2924.54,4.83416,1.0,shufflenet_v2_x1_0.onnx
48681.034,80.46393800000001,37.0,60500.418000000005,99.99998470000001,88.0,370.546,0.612468,1.0,5856.988000000001,9.680913,19.0,430.74,0.711962,3.0,411.24300000000005,0.6797356999999999,13.0,1784.2719999999997,2.94919,13.0,72.055,0.119098,1.0,2893.54,4.78268,1.0,shufflenet_v2_x1_0.onnx
47220.197000000015,79.95004800000001,37.0,59062.14700000004,100.00003849999997,88.0,373.825,0.632935,1.0,5865.654,9.931329999999999,19.0,432.399,0.732108,3.0,409.822,0.6938824999999998,13.0,1788.3690000000004,3.027942999999999,13.0,72.801,0.123262,1.0,2899.08,4.90853,1.0,shufflenet_v2_x1_0.onnx
48515.028999999995,80.34132500000001,37.0,60386.18799999998,100.00005719999997,88.0,371.379,0.615006,1.0,5899.249,9.769201,19.0,432.897,0.716881,3.0,407.633,0.6750432,13.0,1789.434,2.963317,13.0,73.577,0.121844,1.0,2896.99,4.79744,1.0,shufflenet_v2_x1_0.onnx
48522.547,80.35559999999997,37.0,60384.74900000001,99.9999604,88.0,370.844,0.614135,1.0,5893.994,9.760727,19.0,431.664,0.7148559999999999,3.0,412.3519999999999,0.6828744,13.0,1788.4460000000001,2.96175,13.0,72.732,0.120448,1.0,2892.17,4.78957,1.0,shufflenet_v2_x1_0.onnx
48601.952000000005,80.41430199999998,37.0,60439.45200000002,100.00000909999999,88.0,370.548,0.613089,1.0,5842.912000000001,9.667372,19.0,431.30400000000003,0.7136129999999999,3.0,411.83700000000005,0.6814041000000001,13.0,1788.7309999999998,2.959542,13.0,74.798,0.123757,1.0,2917.37,4.82693,1.0,shufflenet_v2_x1_0.onnx
47232.651999999995,79.877184,37.0,59131.58099999999,99.99998280000003,88.0,371.849,0.62885,1.0,5898.9529999999995,9.975978,19.0,431.89,0.730388,3.0,409.625,0.6927348,13.0,1785.761,3.0199759999999993,13.0,73.011,0.123472,1.0,2927.84,4.9514,1.0,shufflenet_v2_x1_0.onnx
48494.479,80.38574799999999,37.0,60327.20500000001,99.99998960000002,88.0,366.0,0.606692,1.0,5867.450999999999,9.726042,19.0,432.466,0.716868,3.0,409.58399999999995,0.6789376,13.0,1788.5039999999997,2.964672,13.0,75.801,0.12565,1.0,2892.92,4.79538,1.0,shufflenet_v2_x1_0.onnx
48715.28400000001,80.406528,37.0,60586.188,99.9999618,88.0,374.613,0.618315,1.0,5880.989,9.706823000000004,19.0,432.377,0.713657,3.0,406.32500000000005,0.6706568000000002,13.0,1788.807,2.952504,13.0,73.423,0.121188,1.0,2914.37,4.81029,1.0,shufflenet_v2_x1_0.onnx
48573.41299999999,80.37351999999998,37.0,60434.588,99.99999380000001,88.0,371.889,0.615358,1.0,5875.263000000002,9.721693999999996,19.0,431.215,0.7135239999999999,3.0,409.342,0.6773308,13.0,1788.7440000000001,2.9598020000000003,13.0,73.812,0.122135,1.0,2910.91,4.81663,1.0,shufflenet_v2_x1_0.onnx
47229.826,79.89906200000001,37.0,59111.88699999998,100.00003500000005,88.0,371.193,0.62795,1.0,5898.61,9.978726,19.0,433.394,0.733176,3.0,409.5159999999999,0.692781,13.0,1788.46,3.02555,13.0,74.428,0.12591,1.0,2906.46,4.91688,1.0,shufflenet_v2_x1_0.onnx
48747.09899999998,80.44423599999999,37.0,60597.392999999975,100.0000218,88.0,369.746,0.610169,1.0,5873.381,9.692464000000001,19.0,432.251,0.713316,3.0,412.949,0.6814638000000001,13.0,1788.5380000000002,2.951511,13.0,75.469,0.124542,1.0,2897.96,4.78232,1.0,shufflenet_v2_x1_0.onnx
48572.75700000001,80.35892499999999,37.0,60444.72100000001,99.99995560000004,88.0,373.603,0.61809,1.0,5884.233,9.734902000000002,19.0,433.291,0.716839,3.0,414.49100000000004,0.6857355999999999,13.0,1789.3709999999999,2.960344,13.0,74.045,0.1225,1.0,2902.93,4.80262,1.0,shufflenet_v2_x1_0.onnx
48635.477000000006,80.411193,37.0,60483.47600000003,100.00003469999997,88.0,370.496,0.612558,1.0,5899.660999999999,9.754178,19.0,431.483,0.713391,3.0,409.146,0.6764597,13.0,1789.5639999999999,2.958768,13.0,74.399,0.123007,1.0,2873.25,4.75048,1.0,shufflenet_v2_x1_0.onnx
47312.59599999999,79.96455499999998,37.0,59166.981999999975,100.00002700000002,88.0,372.612,0.629763,1.0,5883.404,9.943725999999998,19.0,432.428,0.7308600000000001,3.0,409.89199999999994,0.692771,13.0,1786.687,3.0197369999999997,13.0,71.613,0.121035,1.0,2897.75,4.89758,1.0,shufflenet_v2_x1_0.onnx
