aggregated_duration_nnconv2daddnnrelu,aggregated_percentage_nnconv2daddnnrelu,aggregated_count_nnconv2daddnnrelu,total_duration,total_percentage,total_count,aggregated_duration_nnmaxpool2d,aggregated_percentage_nnmaxpool2d,aggregated_count_nnmaxpool2d,aggregated_duration_nnconv2dadd,aggregated_percentage_nnconv2dadd,aggregated_count_nnconv2dadd,aggregated_duration_concatenatereshapetransposereshape,aggregated_percentage_concatenatereshapetransposereshape,aggregated_count_concatenatereshapetransposereshape,aggregated_duration_stridedslice,aggregated_percentage_stridedslice,aggregated_count_stridedslice,aggregated_duration_stridedsliceconcatenatereshapetransposereshape,aggregated_percentage_stridedsliceconcatenatereshapetransposereshape,aggregated_count_stridedsliceconcatenatereshapetransposereshape,aggregated_duration_mean,aggregated_percentage_mean,aggregated_count_mean,aggregated_duration_nndenseadd,aggregated_percentage_nndenseadd,aggregated_count_nndenseadd,label_model_name
172402.48299999998,89.773464,37.0,192041.677,99.99999080000002,88.0,370.856,0.193112,1.0,11682.143999999997,6.08313,19.0,868.685,0.4523423,3.0,872.2549999999999,0.45420109999999997,13.0,3642.6940000000004,1.8968238000000004,13.0,141.53,0.0736976,1.0,2061.03,1.07322,1.0,shufflenet_v2_x2_0.onnx
172315.20700000002,89.772231,37.0,191947.139,100.00002229999998,88.0,372.019,0.193813,1.0,11676.74,6.083317000000001,19.0,869.316,0.4528936,3.0,875.632,0.4561842000000001,13.0,3639.3059999999996,1.8959946,13.0,141.079,0.0734989,1.0,2057.84,1.07209,1.0,shufflenet_v2_x2_0.onnx
172577.74500000002,89.79554799999997,37.0,192189.596,99.99997729999997,88.0,369.588,0.192304,1.0,11673.799999999997,6.074102999999999,19.0,868.855,0.452082,3.0,872.288,0.4538684,13.0,3641.1620000000003,1.8945668000000002,13.0,139.578,0.0726251,1.0,2046.58,1.06488,1.0,shufflenet_v2_x2_0.onnx
172891.71999999997,89.79566900000002,37.0,192539.01599999997,99.99998590000001,88.0,370.657,0.19251,1.0,11698.890000000001,6.076116000000001,19.0,870.383,0.452055,3.0,873.047,0.453439,13.0,3644.047,1.8926286,13.0,139.472,0.0724383,1.0,2050.8,1.06513,1.0,shufflenet_v2_x2_0.onnx
172609.937,89.776187,37.0,192266.95799999996,99.99999880000003,88.0,372.551,0.193768,1.0,11695.408000000001,6.082898999999999,19.0,869.471,0.45222,3.0,876.2519999999998,0.4557475,13.0,3641.245,1.8938472,13.0,138.394,0.0719801,1.0,2063.7,1.07335,1.0,shufflenet_v2_x2_0.onnx
172392.842,89.76515800000001,37.0,192048.714,99.99999080000002,88.0,371.92,0.193659,1.0,11703.423,6.093981,19.0,868.4680000000001,0.4522124,3.0,878.9019999999999,0.4576450999999999,13.0,3645.179,1.8980485999999999,13.0,138.48,0.0721067,1.0,2049.5,1.06718,1.0,shufflenet_v2_x2_0.onnx
172751.18,89.782152,37.0,192411.46599999996,99.9999888,88.0,371.034,0.192834,1.0,11702.832999999999,6.0821890000000005,19.0,867.803,0.45101480000000005,3.0,878.224,0.4564302,13.0,3643.4010000000007,1.8935472,13.0,141.541,0.0735616,1.0,2055.45,1.06826,1.0,shufflenet_v2_x2_0.onnx
173053.683,89.80541900000001,37.0,192698.50599999996,100.00001159999998,88.0,370.47,0.192254,1.0,11705.558999999997,6.074547999999999,19.0,871.011,0.4520074,3.0,874.284,0.4537059,13.0,3642.181,1.8900935,13.0,141.448,0.0734038,1.0,2039.87,1.05858,1.0,shufflenet_v2_x2_0.onnx
172803.55099999998,89.79337799999999,37.0,192445.81099999993,100.0000312,88.0,370.039,0.192282,1.0,11701.859999999999,6.080605,19.0,868.106,0.4510921,3.0,877.2529999999999,0.4558443,13.0,3641.4569999999994,1.8921974,13.0,138.835,0.0721424,1.0,2044.71,1.06249,1.0,shufflenet_v2_x2_0.onnx
172543.78900000005,89.78416499999999,37.0,192176.15500000003,99.9999881,88.0,369.871,0.192465,1.0,11695.646000000002,6.085903,19.0,867.361,0.4513359,3.0,871.9230000000001,0.45371030000000007,13.0,3642.652,1.895476,13.0,139.583,0.0726329,1.0,2045.33,1.0643,1.0,shufflenet_v2_x2_0.onnx
172472.55600000004,89.79065199999998,37.0,192082.93899999998,99.99997959999996,88.0,370.189,0.192724,1.0,11662.748000000001,6.071724,19.0,868.2449999999999,0.45201589999999997,3.0,877.966,0.45707659999999994,13.0,3643.519,1.8968472,13.0,139.356,0.0725499,1.0,2048.36,1.06639,1.0,shufflenet_v2_x2_0.onnx
173079.82100000003,89.798708,37.0,192742.01100000003,100.00001030000001,88.0,369.487,0.1917,1.0,11714.855000000003,6.078001,19.0,868.1859999999999,0.4504393,3.0,875.857,0.454419,13.0,3641.372,1.8892449999999996,13.0,144.013,0.074718,1.0,2048.42,1.06278,1.0,shufflenet_v2_x2_0.onnx
172573.251,89.77536199999999,37.0,192227.844,100.00000209999996,88.0,372.912,0.193995,1.0,11701.496,6.087309000000001,19.0,868.373,0.45174099999999995,3.0,872.909,0.4541012000000001,13.0,3640.858,1.8940320000000002,13.0,139.215,0.0724219,1.0,2058.83,1.07104,1.0,shufflenet_v2_x2_0.onnx
172299.31899999996,89.75927299999998,37.0,191957.15799999997,100.00001659999998,88.0,369.283,0.192378,1.0,11703.694,6.097037,19.0,869.5419999999999,0.4529875,3.0,873.04,0.45480989999999993,13.0,3643.354,1.8980036,13.0,136.976,0.0713576,1.0,2061.95,1.07417,1.0,shufflenet_v2_x2_0.onnx
172788.68699999998,89.796446,37.0,192422.62600000005,100.0000005,88.0,367.161,0.19081,1.0,11678.423999999997,6.069158999999999,19.0,868.6850000000001,0.4514467,3.0,879.1080000000001,0.45686309999999997,13.0,3641.621,1.8925123000000001,13.0,138.32,0.0718834,1.0,2060.62,1.07088,1.0,shufflenet_v2_x2_0.onnx
172913.15999999997,89.781555,37.0,192593.21400000004,100.00000490000001,88.0,371.384,0.192833,1.0,11721.573000000002,6.086180000000001,19.0,869.622,0.45153249999999995,3.0,874.8199999999999,0.4542318000000001,13.0,3640.5499999999997,1.8902785,13.0,137.635,0.0714641,1.0,2064.47,1.07193,1.0,shufflenet_v2_x2_0.onnx
172268.18100000004,89.77613400000001,37.0,191886.38600000006,100.00000560000002,88.0,372.109,0.193921,1.0,11662.968,6.078064999999998,19.0,867.5,0.45209009999999994,3.0,878.3450000000001,0.4577421,13.0,3642.551000000001,1.8982848000000003,13.0,141.552,0.0737686,1.0,2053.18,1.07,1.0,shufflenet_v2_x2_0.onnx
172597.09399999998,89.77931999999998,37.0,192245.973,100.00001259999999,88.0,372.786,0.193911,1.0,11712.017999999998,6.092202000000001,19.0,867.868,0.45143659999999997,3.0,875.9219999999999,0.4556258,13.0,3642.5600000000004,1.8947392000000005,13.0,139.855,0.072748,1.0,2037.87,1.06003,1.0,shufflenet_v2_x2_0.onnx
172708.65899999999,89.79508299999999,37.0,192336.39899999998,99.99998289999998,88.0,373.479,0.19418,1.0,11684.079,6.074815000000001,19.0,868.761,0.45168800000000003,3.0,873.1880000000001,0.45398989999999995,13.0,3641.6730000000002,1.8933881,13.0,138.48,0.0719989,1.0,2048.08,1.06484,1.0,shufflenet_v2_x2_0.onnx
172946.89,89.79291600000002,37.0,192606.40000000002,100.00000249999997,88.0,371.898,0.193087,1.0,11703.506000000001,6.076382999999998,19.0,868.792,0.45107189999999997,3.0,882.741,0.4583133,13.0,3642.651000000001,1.8912412,13.0,142.452,0.0739601,1.0,2047.47,1.06303,1.0,shufflenet_v2_x2_0.onnx
172950.54200000004,89.80004099999998,37.0,192595.19899999996,100.00000609999995,88.0,369.246,0.191721,1.0,11697.805999999999,6.073773,19.0,868.757,0.45107939999999996,3.0,875.99,0.4548347,13.0,3640.045,1.8899972000000003,13.0,136.723,0.0709898,1.0,2056.09,1.06757,1.0,shufflenet_v2_x2_0.onnx
172452.64599999995,89.777248,37.0,192089.4419999999,99.9999872,88.0,372.012,0.193666,1.0,11687.041,6.084165000000003,19.0,868.196,0.45197479999999995,3.0,876.382,0.4562363,13.0,3640.4469999999997,1.8951824999999998,13.0,138.928,0.0723246,1.0,2053.79,1.06919,1.0,shufflenet_v2_x2_0.onnx
172739.374,89.78204699999996,37.0,192398.553,99.99999999999999,88.0,369.334,0.191963,1.0,11683.826000000001,6.072722,19.0,870.3620000000001,0.4523751,3.0,881.2839999999999,0.4580510999999999,13.0,3643.8680000000004,1.8939188,13.0,141.515,0.073553,1.0,2068.99,1.07537,1.0,shufflenet_v2_x2_0.onnx
172986.99899999998,89.81010200000003,37.0,192614.20999999996,100.00001480000002,88.0,366.772,0.190418,1.0,11669.271999999999,6.058366,19.0,869.8050000000001,0.45157949999999997,3.0,878.2669999999998,0.45597230000000005,13.0,3643.8559999999998,1.8917918999999999,13.0,138.769,0.0720451,1.0,2060.47,1.06974,1.0,shufflenet_v2_x2_0.onnx
172618.33299999998,89.79847300000002,37.0,192228.58100000003,100.00000050000003,88.0,373.145,0.194115,1.0,11672.485000000002,6.0721940000000005,19.0,867.812,0.4514478,3.0,871.911,0.45358019999999993,13.0,3643.836,1.8955749999999998,13.0,140.049,0.0728555,1.0,2041.01,1.06176,1.0,shufflenet_v2_x2_0.onnx
172550.49300000002,89.76843099999998,37.0,192217.30799999996,99.99998239999998,88.0,375.403,0.195301,1.0,11708.456999999999,6.0912619999999995,19.0,867.244,0.4511794,3.0,878.3119999999999,0.456937,13.0,3638.84,1.8930862000000002,13.0,136.889,0.0712158,1.0,2061.67,1.07257,1.0,shufflenet_v2_x2_0.onnx
172633.519,89.78686499999998,37.0,192270.34999999998,100.00000740000002,88.0,369.703,0.192283,1.0,11688.059000000001,6.078976,19.0,868.0430000000001,0.45147000000000004,3.0,874.8640000000001,0.45501759999999997,13.0,3638.8689999999997,1.8925809000000002,13.0,139.713,0.0726649,1.0,2057.58,1.07015,1.0,shufflenet_v2_x2_0.onnx
173022.14,89.81026299999998,37.0,192652.99699999994,100.00000620000002,88.0,370.722,0.19243,1.0,11675.414,6.060329999999999,19.0,866.914,0.44998760000000004,3.0,878.234,0.4558633,13.0,3644.2259999999997,1.8916007000000001,13.0,142.547,0.0739916,1.0,2052.8,1.06554,1.0,shufflenet_v2_x2_0.onnx
172920.78199999995,89.80300599999998,37.0,192555.70599999995,100.00001100000001,88.0,370.767,0.19255,1.0,11690.696,6.071326999999999,19.0,868.937,0.4512655,3.0,874.1569999999999,0.45397600000000005,13.0,3641.6000000000004,1.8911934,13.0,141.727,0.0736031,1.0,2047.04,1.06309,1.0,shufflenet_v2_x2_0.onnx
172555.25599999996,89.77699300000002,37.0,192204.3919999999,100.00003610000005,88.0,369.495,0.192241,1.0,11700.259,6.0874109999999995,19.0,867.732,0.45146319999999995,3.0,878.195,0.4569067,13.0,3637.727,1.8926342999999999,13.0,139.938,0.0728069,1.0,2055.79,1.06958,1.0,shufflenet_v2_x2_0.onnx
172585.60199999998,89.77270399999999,37.0,192247.234,99.99996499999999,88.0,369.64,0.192273,1.0,11691.287000000002,6.08138,19.0,869.722,0.4523973,3.0,884.5559999999999,0.4601138,13.0,3642.37,1.8946283,13.0,142.587,0.0741686,1.0,2061.47,1.0723,1.0,shufflenet_v2_x2_0.onnx
173240.779,89.78867400000001,37.0,192942.79899999994,99.99999899999997,88.0,371.936,0.19277,1.0,11719.148000000001,6.073898000000002,19.0,867.202,0.4494615,3.0,880.7860000000002,0.45650109999999994,13.0,3644.2959999999994,1.8887943999999999,13.0,141.292,0.07323,1.0,2077.36,1.07667,1.0,shufflenet_v2_x2_0.onnx
172462.09699999992,89.77481599999999,37.0,192105.2409999998,100.00002129999997,88.0,370.848,0.193044,1.0,11693.110999999999,6.086828999999998,19.0,868.7929999999999,0.45224829999999994,3.0,876.2299999999999,0.45611969999999996,13.0,3640.8100000000004,1.8952166999999998,13.0,142.672,0.0742676,1.0,2050.68,1.06748,1.0,shufflenet_v2_x2_0.onnx
172494.052,89.765214,37.0,192161.398,100.0000183,88.0,374.718,0.195002,1.0,11708.972000000002,6.093301,19.0,868.345,0.45188290000000003,3.0,878.191,0.4570071999999999,13.0,3639.174,1.8938103999999998,13.0,138.646,0.0721508,1.0,2059.3,1.07165,1.0,shufflenet_v2_x2_0.onnx
172574.30099999998,89.787322,37.0,192203.43700000003,100.00000959999998,88.0,369.408,0.192196,1.0,11677.414,6.075548999999999,19.0,867.4380000000001,0.4513131,3.0,874.081,0.45476859999999997,13.0,3638.5550000000003,1.8930737000000002,13.0,139.15,0.0723972,1.0,2063.09,1.07339,1.0,shufflenet_v2_x2_0.onnx
173202.08599999998,89.81260400000001,37.0,192848.372,100.00002690000004,88.0,369.454,0.191577,1.0,11679.310000000001,6.056214999999999,19.0,868.908,0.4505652,3.0,871.1089999999999,0.45170679999999996,13.0,3641.209999999999,1.8881195999999998,13.0,142.745,0.0740193,1.0,2073.55,1.07522,1.0,shufflenet_v2_x2_0.onnx
172558.675,89.788999,37.0,192182.39600000007,99.99998520000001,88.0,371.722,0.193421,1.0,11671.372000000003,6.07307,19.0,868.583,0.45195830000000004,3.0,873.2929999999999,0.4544085000000001,13.0,3638.1899999999996,1.8930925,13.0,139.651,0.0726659,1.0,2060.91,1.07237,1.0,shufflenet_v2_x2_0.onnx
172655.97999999998,89.78365699999998,37.0,192302.28699999992,100.00003159999997,88.0,371.743,0.193312,1.0,11702.648000000001,6.085552,19.0,869.351,0.45207509999999995,3.0,871.1659999999999,0.4530189,13.0,3644.2720000000004,1.8950732999999997,13.0,139.887,0.0727433,1.0,2047.24,1.0646,1.0,shufflenet_v2_x2_0.onnx
172706.98200000002,89.77296199999999,37.0,192382.009,100.0000126,88.0,371.521,0.193116,1.0,11708.670999999998,6.0861469999999995,19.0,868.816,0.4516092,3.0,880.382,0.4576217,13.0,3642.393,1.8933121999999998,13.0,141.044,0.0733145,1.0,2062.2,1.07193,1.0,shufflenet_v2_x2_0.onnx
173061.75400000002,89.798826,37.0,192721.65800000005,100.00000059999999,88.0,372.838,0.193459,1.0,11687.773000000001,6.064578,19.0,868.9490000000001,0.4508821,3.0,873.146,0.4530604999999999,13.0,3642.8219999999997,1.8901985999999995,13.0,142.106,0.0737364,1.0,2072.27,1.07526,1.0,shufflenet_v2_x2_0.onnx
