aggregated_duration_nnconv2d,aggregated_percentage_nnconv2d,aggregated_count_nnconv2d,total_duration,total_percentage,total_count,aggregated_duration_nnbiasadd,aggregated_percentage_nnbiasadd,aggregated_count_nnbiasadd,aggregated_duration_nnrelu,aggregated_percentage_nnrelu,aggregated_count_nnrelu,aggregated_duration_nnmaxpool2d,aggregated_percentage_nnmaxpool2d,aggregated_count_nnmaxpool2d,aggregated_duration_concatenate,aggregated_percentage_concatenate,aggregated_count_concatenate,aggregated_duration_transpose,aggregated_percentage_transpose,aggregated_count_transpose,aggregated_duration_stridedslice,aggregated_percentage_stridedslice,aggregated_count_stridedslice,aggregated_duration_mean,aggregated_percentage_mean,aggregated_count_mean,aggregated_duration_nndense,aggregated_percentage_nndense,aggregated_count_nndense,aggregated_duration_add,aggregated_percentage_add,aggregated_count_add,label_model_name
65386.27500000002,79.547346,56.0,82197.94999999994,100.00001367999997,211.0,4039.953000000001,4.9149077000000005,56.0,2943.808000000001,3.581362799999999,37.0,383.475,0.466526,1.0,1890.147,2.2995056000000003,16.0,2920.05,3.5524616,16.0,1408.7299999999998,1.7138266000000002,26.0,82.309,0.100135,1.0,3138.45,3.81816,1.0,4.753,0.00578238,1.0,shufflenet_v2_x1_5.onnx
0.0,nan,56.0,0.0,nan,211.0,0.0,nan,56.0,0.0,nan,37.0,0.0,nan,1.0,0.0,nan,16.0,0.0,nan,16.0,0.0,nan,26.0,0.0,nan,1.0,0.0,nan,1.0,0.0,nan,1.0,shufflenet_v2_x1_5.onnx
65711.66299999999,79.53371,56.0,82621.125,99.99997321,211.0,4035.0800000000013,4.8838360000000005,56.0,2890.2459999999996,3.498192499999999,37.0,387.296,0.468761,1.0,1919.202,2.3228932,16.0,2938.6049999999996,3.5567219999999997,16.0,1419.0670000000002,1.7175603000000006,26.0,80.86,0.0978684,1.0,3235.76,3.91638,1.0,3.346,0.00404981,1.0,shufflenet_v2_x1_5.onnx
0.0,nan,56.0,0.0,nan,211.0,0.0,nan,56.0,0.0,nan,37.0,0.0,nan,1.0,0.0,nan,16.0,0.0,nan,16.0,0.0,nan,26.0,0.0,nan,1.0,0.0,nan,1.0,0.0,nan,1.0,shufflenet_v2_x1_5.onnx
65475.35799999998,79.48275299999999,56.0,82376.83599999997,100.00000586999997,211.0,4044.8970000000004,4.910233900000002,56.0,2917.1320000000005,3.5412028999999996,37.0,388.639,0.471782,1.0,1884.9479999999994,2.2882011,16.0,2919.9939999999997,3.5446752,16.0,1400.438,1.7000374,26.0,79.829,0.0969071,1.0,3261.29,3.95898,1.0,4.311,0.00523327,1.0,shufflenet_v2_x1_5.onnx
0.0,nan,56.0,0.0,nan,211.0,0.0,nan,56.0,0.0,nan,37.0,0.0,nan,1.0,0.0,nan,16.0,0.0,nan,16.0,0.0,nan,26.0,0.0,nan,1.0,0.0,nan,1.0,0.0,nan,1.0,shufflenet_v2_x1_5.onnx
65344.451000000015,79.447626,56.0,82248.46100000004,100.00000083000008,211.0,4052.888000000001,4.9276183000000024,56.0,2920.463,3.550781800000001,37.0,389.268,0.473283,1.0,1907.4009999999996,2.3190732000000005,16.0,2919.738,3.5498995,16.0,1398.5900000000001,1.7004452,26.0,80.184,0.09749,1.0,3231.42,3.92885,1.0,4.058,0.00493383,1.0,shufflenet_v2_x1_5.onnx
0.0,nan,56.0,0.0,nan,211.0,0.0,nan,56.0,0.0,nan,37.0,0.0,nan,1.0,0.0,nan,16.0,0.0,nan,16.0,0.0,nan,26.0,0.0,nan,1.0,0.0,nan,1.0,0.0,nan,1.0,shufflenet_v2_x1_5.onnx
65493.340000000026,79.45834500000002,56.0,82424.79799999997,100.00004014000004,211.0,4050.6690000000003,4.914378600000001,56.0,2907.646,3.5276328999999995,37.0,389.847,0.472973,1.0,1920.193,2.3296286999999998,16.0,2925.116,3.5488289,16.0,1400.3670000000004,1.6989630000000004,26.0,79.353,0.0962732,1.0,3254.0,3.94784,1.0,4.267,0.00517684,1.0,shufflenet_v2_x1_5.onnx
0.0,nan,56.0,0.0,nan,211.0,0.0,nan,56.0,0.0,nan,37.0,0.0,nan,1.0,0.0,nan,16.0,0.0,nan,16.0,0.0,nan,26.0,0.0,nan,1.0,0.0,nan,1.0,0.0,nan,1.0,shufflenet_v2_x1_5.onnx
65371.257000000005,79.55633800000001,56.0,82169.757,99.99999451,211.0,4050.104000000001,4.9289491000000005,56.0,2917.282,3.5503114,37.0,384.399,0.467811,1.0,1914.7820000000002,2.3302768,16.0,2924.019,3.5585122,16.0,1379.454,1.6787864000000001,26.0,80.396,0.0978414,1.0,3144.45,3.82677,1.0,3.614,0.00439821,1.0,shufflenet_v2_x1_5.onnx
0.0,nan,56.0,0.0,nan,211.0,0.0,nan,56.0,0.0,nan,37.0,0.0,nan,1.0,0.0,nan,16.0,0.0,nan,16.0,0.0,nan,26.0,0.0,nan,1.0,0.0,nan,1.0,0.0,nan,1.0,shufflenet_v2_x1_5.onnx
65332.34299999999,79.45839599999998,56.0,82222.03900000005,99.99997004999997,211.0,4045.011,4.919619699999999,56.0,2930.261,3.5638387,37.0,385.372,0.468697,1.0,1920.8489999999997,2.3361723999999997,16.0,2920.1499999999996,3.5515448999999992,16.0,1371.125,1.6675886000000002,26.0,78.847,0.0958953,1.0,3233.38,3.9325,1.0,4.701,0.00571745,1.0,shufflenet_v2_x1_5.onnx
0.0,nan,56.0,0.0,nan,211.0,0.0,nan,56.0,0.0,nan,37.0,0.0,nan,1.0,0.0,nan,16.0,0.0,nan,16.0,0.0,nan,26.0,0.0,nan,1.0,0.0,nan,1.0,0.0,nan,1.0,shufflenet_v2_x1_5.onnx
65615.955,79.52169600000002,56.0,82513.24700000008,99.99997551999998,211.0,4063.680000000002,4.9248811,56.0,2904.7710000000006,3.5203681000000007,37.0,387.705,0.46987,1.0,1903.1700000000003,2.3065031999999994,16.0,2922.5489999999995,3.5419134999999997,16.0,1417.72,1.7181718999999998,26.0,78.604,0.0952623,1.0,3214.58,3.89584,1.0,4.513,0.00546942,1.0,shufflenet_v2_x1_5.onnx
0.0,nan,56.0,0.0,nan,211.0,0.0,nan,56.0,0.0,nan,37.0,0.0,nan,1.0,0.0,nan,16.0,0.0,nan,16.0,0.0,nan,26.0,0.0,nan,1.0,0.0,nan,1.0,0.0,nan,1.0,shufflenet_v2_x1_5.onnx
65360.382,79.47196000000001,56.0,82243.35400000004,100.00001017999999,211.0,3967.8869999999974,4.824565600000001,56.0,2924.2329999999997,3.5555819,37.0,385.233,0.468406,1.0,1906.331,2.3179133000000003,16.0,2921.0019999999995,3.5516549000000004,16.0,1410.7450000000001,1.7153286999999997,26.0,79.439,0.0965901,1.0,3284.5,3.99363,1.0,3.602,0.00437968,1.0,shufflenet_v2_x1_5.onnx
0.0,nan,56.0,0.0,nan,211.0,0.0,nan,56.0,0.0,nan,37.0,0.0,nan,1.0,0.0,nan,16.0,0.0,nan,16.0,0.0,nan,26.0,0.0,nan,1.0,0.0,nan,1.0,0.0,nan,1.0,shufflenet_v2_x1_5.onnx
65416.58899999998,79.45473700000002,56.0,82331.94899999989,100.00006130999998,211.0,4045.875000000002,4.9141014,56.0,2933.653999999999,3.5632011000000006,37.0,384.131,0.466564,1.0,1894.0069999999998,2.3004521,16.0,2926.7750000000005,3.5548474,16.0,1413.2830000000004,1.7165665000000003,26.0,80.996,0.0983773,1.0,3232.0,3.92558,1.0,4.639,0.00563451,1.0,shufflenet_v2_x1_5.onnx
0.0,nan,56.0,0.0,nan,211.0,0.0,nan,56.0,0.0,nan,37.0,0.0,nan,1.0,0.0,nan,16.0,0.0,nan,16.0,0.0,nan,26.0,0.0,nan,1.0,0.0,nan,1.0,0.0,nan,1.0,shufflenet_v2_x1_5.onnx
65386.767,79.43268399999998,56.0,82317.16799999999,99.99997385999998,211.0,4041.1980000000017,4.9093041999999985,56.0,2933.310000000001,3.563425299999999,37.0,380.716,0.462499,1.0,1919.1260000000002,2.3313824000000007,16.0,2921.835,3.5494864,16.0,1387.01,1.6849584000000002,26.0,80.893,0.09827,1.0,3262.63,3.96349,1.0,3.683,0.00447416,1.0,shufflenet_v2_x1_5.onnx
0.0,nan,56.0,0.0,nan,211.0,0.0,nan,56.0,0.0,nan,37.0,0.0,nan,1.0,0.0,nan,16.0,0.0,nan,16.0,0.0,nan,26.0,0.0,nan,1.0,0.0,nan,1.0,0.0,nan,1.0,shufflenet_v2_x1_5.onnx
65573.805,79.487254,56.0,82495.96599999991,99.99996983,211.0,4030.2100000000005,4.8853406999999995,56.0,2953.0020000000004,3.5795723,37.0,368.365,0.446525,1.0,1914.5280000000002,2.3207538000000003,16.0,2914.7520000000004,3.5332056000000005,16.0,1399.689,1.6966754999999993,26.0,82.151,0.0995818,1.0,3255.66,3.94645,1.0,3.804,0.00461113,1.0,shufflenet_v2_x1_5.onnx
0.0,nan,56.0,0.0,nan,211.0,0.0,nan,56.0,0.0,nan,37.0,0.0,nan,1.0,0.0,nan,16.0,0.0,nan,16.0,0.0,nan,26.0,0.0,nan,1.0,0.0,nan,1.0,0.0,nan,1.0,shufflenet_v2_x1_5.onnx
65780.169,79.70571699999999,56.0,82528.82500000003,100.00001728000008,211.0,4024.716999999999,4.876739000000001,56.0,2916.858,3.5343492999999997,37.0,385.514,0.467126,1.0,1873.583,2.2702155000000004,16.0,2924.177,3.5432184,16.0,1387.2939999999996,1.6809797999999996,26.0,79.51,0.096342,1.0,3152.67,3.82008,1.0,4.333,0.00525028,1.0,shufflenet_v2_x1_5.onnx
0.0,nan,56.0,0.0,nan,211.0,0.0,nan,56.0,0.0,nan,37.0,0.0,nan,1.0,0.0,nan,16.0,0.0,nan,16.0,0.0,nan,26.0,0.0,nan,1.0,0.0,nan,1.0,0.0,nan,1.0,shufflenet_v2_x1_5.onnx
65401.01199999999,79.51472899999999,56.0,82250.18700000002,99.99999955000006,211.0,4038.8209999999995,4.9104069,56.0,2891.859,3.5159296,37.0,385.094,0.468198,1.0,1903.301,2.3140384000000003,16.0,2928.5660000000007,3.5605593,16.0,1410.3079999999998,1.7146567000000004,26.0,80.769,0.0981992,1.0,3206.91,3.89897,1.0,3.547,0.00431245,1.0,shufflenet_v2_x1_5.onnx
0.0,nan,56.0,0.0,nan,211.0,0.0,nan,56.0,0.0,nan,37.0,0.0,nan,1.0,0.0,nan,16.0,0.0,nan,16.0,0.0,nan,26.0,0.0,nan,1.0,0.0,nan,1.0,0.0,nan,1.0,shufflenet_v2_x1_5.onnx
65417.850000000006,79.46777199999998,56.0,82319.96599999997,99.99999589000005,211.0,4050.2669999999994,4.9201523,56.0,2927.8440000000014,3.5566627999999993,37.0,385.092,0.467799,1.0,1913.3279999999997,2.3242572000000004,16.0,2920.0409999999997,3.5471852999999998,16.0,1382.0060000000003,1.6788227,26.0,81.134,0.0985593,1.0,3238.58,3.93414,1.0,3.824,0.00464529,1.0,shufflenet_v2_x1_5.onnx
0.0,nan,56.0,0.0,nan,211.0,0.0,nan,56.0,0.0,nan,37.0,0.0,nan,1.0,0.0,nan,16.0,0.0,nan,16.0,0.0,nan,26.0,0.0,nan,1.0,0.0,nan,1.0,0.0,nan,1.0,shufflenet_v2_x1_5.onnx
65496.624000000025,79.49216799999998,56.0,82393.841,100.00002551999995,211.0,4036.0120000000015,4.898435499999999,56.0,2925.4509999999987,3.5505695,37.0,383.806,0.465819,1.0,1905.2170000000003,2.3123294000000008,16.0,2924.6229999999996,3.5495638999999994,16.0,1390.1019999999999,1.6871422000000005,26.0,78.972,0.0958469,1.0,3249.21,3.94351,1.0,3.824,0.00464112,1.0,shufflenet_v2_x1_5.onnx
0.0,nan,56.0,0.0,nan,211.0,0.0,nan,56.0,0.0,nan,37.0,0.0,nan,1.0,0.0,nan,16.0,0.0,nan,16.0,0.0,nan,26.0,0.0,nan,1.0,0.0,nan,1.0,0.0,nan,1.0,shufflenet_v2_x1_5.onnx
65425.919,79.48762399999998,56.0,82309.57899999998,99.99999482000003,211.0,4045.1470000000004,4.914548899999999,56.0,2919.4010000000003,3.5468529,37.0,387.245,0.470474,1.0,1884.651,2.2897094999999994,16.0,2923.278,3.5515618,16.0,1397.4250000000002,1.6977659999999997,26.0,77.446,0.0940911,1.0,3245.3,3.94279,1.0,3.767,0.00457662,1.0,shufflenet_v2_x1_5.onnx
0.0,nan,56.0,0.0,nan,211.0,0.0,nan,56.0,0.0,nan,37.0,0.0,nan,1.0,0.0,nan,16.0,0.0,nan,16.0,0.0,nan,26.0,0.0,nan,1.0,0.0,nan,1.0,0.0,nan,1.0,shufflenet_v2_x1_5.onnx
65604.43900000001,79.55283100000003,56.0,82466.54999999997,100.00004521999993,211.0,4035.8190000000004,4.8938867,56.0,2924.9210000000003,3.546797299999998,37.0,383.199,0.464672,1.0,1876.13,2.27502,16.0,2923.842,3.5454900999999994,16.0,1399.5890000000002,1.6971600999999998,26.0,80.696,0.097853,1.0,3233.87,3.92143,1.0,4.045,0.00490502,1.0,shufflenet_v2_x1_5.onnx
0.0,nan,56.0,0.0,nan,211.0,0.0,nan,56.0,0.0,nan,37.0,0.0,nan,1.0,0.0,nan,16.0,0.0,nan,16.0,0.0,nan,26.0,0.0,nan,1.0,0.0,nan,1.0,0.0,nan,1.0,shufflenet_v2_x1_5.onnx
65308.698999999986,79.473593,56.0,82176.60199999997,100.00000070999997,211.0,4036.884000000001,4.912453,56.0,2940.276999999999,3.5779998999999996,37.0,386.028,0.469754,1.0,1907.8490000000004,2.3216475999999995,16.0,2917.888,3.5507546999999993,16.0,1396.2179999999998,1.6990454999999998,26.0,82.312,0.100165,1.0,3196.8,3.89015,1.0,3.647,0.00443801,1.0,shufflenet_v2_x1_5.onnx
0.0,nan,56.0,0.0,nan,211.0,0.0,nan,56.0,0.0,nan,37.0,0.0,nan,1.0,0.0,nan,16.0,0.0,nan,16.0,0.0,nan,26.0,0.0,nan,1.0,0.0,nan,1.0,0.0,nan,1.0,shufflenet_v2_x1_5.onnx
65652.79799999998,79.60688499999999,56.0,82471.24899999997,99.99999955999999,211.0,3952.452000000002,4.792524,56.0,2921.767000000001,3.5427715999999996,37.0,384.653,0.466409,1.0,1894.0309999999997,2.2965969999999998,16.0,2926.2269999999994,3.5481786000000004,16.0,1409.8589999999997,1.7095157999999997,26.0,80.251,0.0973079,1.0,3244.79,3.93445,1.0,4.421,0.00536066,1.0,shufflenet_v2_x1_5.onnx
0.0,nan,56.0,0.0,nan,211.0,0.0,nan,56.0,0.0,nan,37.0,0.0,nan,1.0,0.0,nan,16.0,0.0,nan,16.0,0.0,nan,26.0,0.0,nan,1.0,0.0,nan,1.0,0.0,nan,1.0,shufflenet_v2_x1_5.onnx
